This is pdfTeX, Version 3.141592653-2.6-1.40.25 (TeX Live 2023) (preloaded format=pdflatex 2023.11.17)  24 AUG 2026 14:56
entering extended mode
 restricted \write18 enabled.
 %&-line parsing enabled.
**main.tex
(./main.tex
LaTeX2e <2022-11-01> patch level 1
L3 programming layer <2023-02-22> (./nmsuth01.cls

LaTeX Warning: You have requested document class `nmsuth01',
               but the document class provides `article'.

Document Class: article 1996/05/26 v1.3r Standard LaTeX document class
(/usr/local/texlive/2023/texmf-dist/tex/latex/base/size12.clo
File: size12.clo 2022/07/02 v1.4n Standard LaTeX file (size option)
)
\c@part=\count185
\c@section=\count186
\c@subsection=\count187
\c@subsubsection=\count188
\c@paragraph=\count189
\c@subparagraph=\count190
\c@figure=\count191
\c@table=\count192
\abovecaptionskip=\skip48
\belowcaptionskip=\skip49
\bibindent=\dimen140
)
(/usr/local/texlive/2023/texmf-dist/tex/latex/base/latexsym.sty
Package: latexsym 1998/08/17 v2.2e Standard LaTeX package (lasy symbols)
\symlasy=\mathgroup4
LaTeX Font Info:    Overwriting symbol font `lasy' in version `bold'
(Font)                  U/lasy/m/n --> U/lasy/b/n on input line 52.
)
(/usr/local/texlive/2023/texmf-dist/tex/latex/amsmath/amsmath.sty
Package: amsmath 2022/04/08 v2.17n AMS math features
\@mathmargin=\skip50

For additional information on amsmath, use the `?' option.
(/usr/local/texlive/2023/texmf-dist/tex/latex/amsmath/amstext.sty
Package: amstext 2021/08/26 v2.01 AMS text

(/usr/local/texlive/2023/texmf-dist/tex/latex/amsmath/amsgen.sty
File: amsgen.sty 1999/11/30 v2.0 generic functions
\@emptytoks=\toks16
\ex@=\dimen141
))
(/usr/local/texlive/2023/texmf-dist/tex/latex/amsmath/amsbsy.sty
Package: amsbsy 1999/11/29 v1.2d Bold Symbols
\pmbraise@=\dimen142
)
(/usr/local/texlive/2023/texmf-dist/tex/latex/amsmath/amsopn.sty
Package: amsopn 2022/04/08 v2.04 operator names
)
\inf@bad=\count193
LaTeX Info: Redefining \frac on input line 234.
\uproot@=\count194
\leftroot@=\count195
LaTeX Info: Redefining \overline on input line 399.
LaTeX Info: Redefining \colon on input line 410.
\classnum@=\count196
\DOTSCASE@=\count197
LaTeX Info: Redefining \ldots on input line 496.
LaTeX Info: Redefining \dots on input line 499.
LaTeX Info: Redefining \cdots on input line 620.
\Mathstrutbox@=\box51
\strutbox@=\box52
LaTeX Info: Redefining \big on input line 722.
LaTeX Info: Redefining \Big on input line 723.
LaTeX Info: Redefining \bigg on input line 724.
LaTeX Info: Redefining \Bigg on input line 725.
\big@size=\dimen143
LaTeX Font Info:    Redeclaring font encoding OML on input line 743.
LaTeX Font Info:    Redeclaring font encoding OMS on input line 744.
\macc@depth=\count198
LaTeX Info: Redefining \bmod on input line 905.
LaTeX Info: Redefining \pmod on input line 910.
LaTeX Info: Redefining \smash on input line 940.
LaTeX Info: Redefining \relbar on input line 970.
LaTeX Info: Redefining \Relbar on input line 971.
\c@MaxMatrixCols=\count199
\dotsspace@=\muskip16
\c@parentequation=\count266
\dspbrk@lvl=\count267
\tag@help=\toks17
\row@=\count268
\column@=\count269
\maxfields@=\count270
\andhelp@=\toks18
\eqnshift@=\dimen144
\alignsep@=\dimen145
\tagshift@=\dimen146
\tagwidth@=\dimen147
\totwidth@=\dimen148
\lineht@=\dimen149
\@envbody=\toks19
\multlinegap=\skip51
\multlinetaggap=\skip52
\mathdisplay@stack=\toks20
LaTeX Info: Redefining \[ on input line 2953.
LaTeX Info: Redefining \] on input line 2954.
)
(/usr/local/texlive/2023/texmf-dist/tex/latex/amscls/amsthm.sty
Package: amsthm 2020/05/29 v2.20.6
\thm@style=\toks21
\thm@bodyfont=\toks22
\thm@headfont=\toks23
\thm@notefont=\toks24
\thm@headpunct=\toks25
\thm@preskip=\skip53
\thm@postskip=\skip54
\thm@headsep=\skip55
\dth@everypar=\toks26
)
(/usr/local/texlive/2023/texmf-dist/tex/generic/xypic/xy.sty
(/usr/local/texlive/2023/texmf-dist/tex/generic/xypic/xy.tex Bootstrap'ing:
catcodes, docmode,
(/usr/local/texlive/2023/texmf-dist/tex/generic/xypic/xyrecat.tex)
(/usr/local/texlive/2023/texmf-dist/tex/generic/xypic/xyidioms.tex)

 Xy-pic version 3.8.9 <2013/10/06>
 Copyright (c) 1991-2013 by Kristoffer H. Rose <krisrose@tug.org> and others
 Xy-pic is free software: see the User's Guide for details.

Loading kernel: messages; fonts; allocations: state,
\X@c=\dimen150
\Y@c=\dimen151
\U@c=\dimen152
\D@c=\dimen153
\L@c=\dimen154
\R@c=\dimen155
\Edge@c=\toks27
\X@p=\dimen156
\Y@p=\dimen157
\U@p=\dimen158
\D@p=\dimen159
\L@p=\dimen160
\R@p=\dimen161
\Edge@p=\toks28
\X@origin=\dimen162
\Y@origin=\dimen163
\X@xbase=\dimen164
\Y@xbase=\dimen165
\X@ybase=\dimen166
\Y@ybase=\dimen167
\X@min=\dimen168
\Y@min=\dimen169
\X@max=\dimen170
\Y@max=\dimen171
\lastobjectbox@=\box53
\zerodotbox@=\box54
\almostz@=\dimen172
 direction,
\d@X=\dimen173
\d@Y=\dimen174
\K@=\count271
\KK@=\count272
\Direction=\count273
\K@dXdY=\dimen175
\K@dYdX=\dimen176
\xyread@=\read2
\xywrite@=\write3
\csp@=\count274
\quotPTK@=\dimen177

utility macros; pictures: \xy, positions,
\swaptoks@@=\toks29
\connectobjectbox@@=\box55
 objects,
\styletoks@=\toks30
 decorations;
kernel objects: directionals, circles, text; options; algorithms: directions,
edges, connections;  Xy-pic loaded)
(/usr/local/texlive/2023/texmf-dist/tex/generic/iftex/ifpdf.sty
Package: ifpdf 2019/10/25 v3.4 ifpdf legacy package. Use iftex instead.

(/usr/local/texlive/2023/texmf-dist/tex/generic/iftex/iftex.sty
Package: iftex 2022/02/03 v1.0f TeX engine tests
))
Package: xy 2013/10/06 Xy-pic version 3.8.9

(/usr/local/texlive/2023/texmf-dist/tex/generic/xypic/xyall.tex
 Xy-pic option: All features v.3.8
(/usr/local/texlive/2023/texmf-dist/tex/generic/xypic/xycurve.tex
 Xy-pic option: Curve and Spline extension v.3.12 curve,
\crv@cnt@=\count275
\crvpts@=\toks31
\splinebox@=\box56
\splineval@=\dimen178
\splinedepth@=\dimen179
\splinetol@=\dimen180
\splinelength@=\dimen181
 circles,
\L@=\dimen182
 loaded)
(/usr/local/texlive/2023/texmf-dist/tex/generic/xypic/xyframe.tex
 Xy-pic option: Frame and Bracket extension v.3.14 loaded)
(/usr/local/texlive/2023/texmf-dist/tex/generic/xypic/xycmtip.tex
 Xy-pic option: Computer Modern tip extension v.3.7
(/usr/local/texlive/2023/texmf-dist/tex/generic/xypic/xytips.tex
 Xy-pic option: More Tips extension v.3.11 loaded) loaded)
(/usr/local/texlive/2023/texmf-dist/tex/generic/xypic/xyline.tex
 Xy-pic option: Line styles extension v.3.10
\xylinethick@=\dimen183
 loaded)
(/usr/local/texlive/2023/texmf-dist/tex/generic/xypic/xyrotate.tex
 Xy-pic option: Rotate and Scale extension v.3.8 loaded)
(/usr/local/texlive/2023/texmf-dist/tex/generic/xypic/xycolor.tex
 Xy-pic option: Colour extension v.3.11 loaded)
(/usr/local/texlive/2023/texmf-dist/tex/generic/xypic/xymatrix.tex
 Xy-pic option: Matrix feature v.3.14
\Row=\count276
\Col=\count277
\queue@=\toks32
\queue@@=\toks33
\qcount@=\count278
\qcount@@=\count279
\matrixsize@=\count280
 loaded)
(/usr/local/texlive/2023/texmf-dist/tex/generic/xypic/xyarrow.tex
 Xy-pic option: Arrow and Path feature v.3.9 path, \ar, loaded)
(/usr/local/texlive/2023/texmf-dist/tex/generic/xypic/xygraph.tex
 Xy-pic option: Graph feature v.3.11 loaded) loaded)
(/usr/local/texlive/2023/texmf-dist/tex/generic/xypic/xypdf.tex
 Xy-pic option: PDF driver v.1.7 Xy-pic pdf driver: `color' extension support
(/usr/local/texlive/2023/texmf-dist/tex/generic/xypic/xypdf-co.tex loaded)
Xy-pic pdf driver: `curve' extension support
(/usr/local/texlive/2023/texmf-dist/tex/generic/xypic/xypdf-cu.tex loaded)
Xy-pic pdf driver: `frame' extension support
(/usr/local/texlive/2023/texmf-dist/tex/generic/xypic/xypdf-fr.tex loaded)
Xy-pic pdf driver: `line' extension support
(/usr/local/texlive/2023/texmf-dist/tex/generic/xypic/xypdf-li.tex loaded)
Xy-pic pdf driver: `rotate' extension support
(/usr/local/texlive/2023/texmf-dist/tex/generic/xypic/xypdf-ro.tex loaded)
loaded)) (/usr/local/texlive/2023/texmf-dist/tex/latex/geometry/geometry.sty
Package: geometry 2020/01/02 v5.9 Page Geometry

(/usr/local/texlive/2023/texmf-dist/tex/latex/graphics/keyval.sty
Package: keyval 2022/05/29 v1.15 key=value parser (DPC)
\KV@toks@=\toks34
)
(/usr/local/texlive/2023/texmf-dist/tex/generic/iftex/ifvtex.sty
Package: ifvtex 2019/10/25 v1.7 ifvtex legacy package. Use iftex instead.
)
\Gm@cnth=\count281
\Gm@cntv=\count282
\c@Gm@tempcnt=\count283
\Gm@bindingoffset=\dimen184
\Gm@wd@mp=\dimen185
\Gm@odd@mp=\dimen186
\Gm@even@mp=\dimen187
\Gm@layoutwidth=\dimen188
\Gm@layoutheight=\dimen189
\Gm@layouthoffset=\dimen190
\Gm@layoutvoffset=\dimen191
\Gm@dimlist=\toks35
)
(/usr/local/texlive/2023/texmf-dist/tex/latex/appendix/appendix.sty
Package: appendix 2020/02/08 v1.2c extra appendix facilities
\c@@pps=\count284
\c@@ppsavesec=\count285
\c@@ppsaveapp=\count286
)
(/usr/local/texlive/2023/texmf-dist/tex/latex/float/float.sty
Package: float 2001/11/08 v1.3d Float enhancements (AL)
\c@float@type=\count287
\float@exts=\toks36
\float@box=\box57
\@float@everytoks=\toks37
\@floatcapt=\box58
)
(/usr/local/texlive/2023/texmf-dist/tex/latex/amsfonts/amssymb.sty
Package: amssymb 2013/01/14 v3.01 AMS font symbols

(/usr/local/texlive/2023/texmf-dist/tex/latex/amsfonts/amsfonts.sty
Package: amsfonts 2013/01/14 v3.01 Basic AMSFonts support
\symAMSa=\mathgroup5
\symAMSb=\mathgroup6
LaTeX Font Info:    Redeclaring math symbol \hbar on input line 98.
LaTeX Font Info:    Overwriting math alphabet `\mathfrak' in version `bold'
(Font)                  U/euf/m/n --> U/euf/b/n on input line 106.
))
(/usr/local/texlive/2023/texmf-dist/tex/latex/xcolor/xcolor.sty
Package: xcolor 2022/06/12 v2.14 LaTeX color extensions (UK)

(/usr/local/texlive/2023/texmf-dist/tex/latex/graphics-cfg/color.cfg
File: color.cfg 2016/01/02 v1.6 sample color configuration
)
Package xcolor Info: Driver file: pdftex.def on input line 227.

(/usr/local/texlive/2023/texmf-dist/tex/latex/graphics-def/pdftex.def
File: pdftex.def 2022/09/22 v1.2b Graphics/color driver for pdftex
)
(/usr/local/texlive/2023/texmf-dist/tex/latex/graphics/mathcolor.ltx)
Package xcolor Info: Model `cmy' substituted by `cmy0' on input line 1353.
Package xcolor Info: Model `hsb' substituted by `rgb' on input line 1357.
Package xcolor Info: Model `RGB' extended on input line 1369.
Package xcolor Info: Model `HTML' substituted by `rgb' on input line 1371.
Package xcolor Info: Model `Hsb' substituted by `hsb' on input line 1372.
Package xcolor Info: Model `tHsb' substituted by `hsb' on input line 1373.
Package xcolor Info: Model `HSB' substituted by `hsb' on input line 1374.
Package xcolor Info: Model `Gray' substituted by `gray' on input line 1375.
Package xcolor Info: Model `wave' substituted by `hsb' on input line 1376.

(/usr/local/texlive/2023/texmf-dist/tex/latex/xcolor/x11nam.def
File: x11nam.def 2022/06/12 v2.14 Predefined colors according to Unix/X11 (UK)
))
(/usr/local/texlive/2023/texmf-dist/tex/latex/base/inputenc.sty
Package: inputenc 2021/02/14 v1.3d Input encoding file
\inpenc@prehook=\toks38
\inpenc@posthook=\toks39
)
(/usr/local/texlive/2023/texmf-dist/tex/latex/mathtools/mathtools.sty
Package: mathtools 2022/06/29 v1.29 mathematical typesetting tools

(/usr/local/texlive/2023/texmf-dist/tex/latex/tools/calc.sty
Package: calc 2017/05/25 v4.3 Infix arithmetic (KKT,FJ)
\calc@Acount=\count288
\calc@Bcount=\count289
\calc@Adimen=\dimen192
\calc@Bdimen=\dimen193
\calc@Askip=\skip56
\calc@Bskip=\skip57
LaTeX Info: Redefining \setlength on input line 80.
LaTeX Info: Redefining \addtolength on input line 81.
\calc@Ccount=\count290
\calc@Cskip=\skip58
)
(/usr/local/texlive/2023/texmf-dist/tex/latex/mathtools/mhsetup.sty
Package: mhsetup 2021/03/18 v1.4 programming setup (MH)
)
\g_MT_multlinerow_int=\count291
\l_MT_multwidth_dim=\dimen194
\origjot=\skip59
\l_MT_shortvdotswithinadjustabove_dim=\dimen195
\l_MT_shortvdotswithinadjustbelow_dim=\dimen196
\l_MT_above_intertext_sep=\dimen197
\l_MT_below_intertext_sep=\dimen198
\l_MT_above_shortintertext_sep=\dimen199
\l_MT_below_shortintertext_sep=\dimen256
\xmathstrut@box=\box59
\xmathstrut@dim=\dimen257
)
(/usr/local/texlive/2023/texmf-dist/tex/latex/braket/braket.sty)
(/usr/local/texlive/2023/texmf-dist/tex/latex/caption/caption.sty
Package: caption 2023/03/12 v3.6j Customizing captions (AR)

(/usr/local/texlive/2023/texmf-dist/tex/latex/caption/caption3.sty
Package: caption3 2023/03/12 v2.4 caption3 kernel (AR)
\caption@tempdima=\dimen258
\captionmargin=\dimen259
\caption@leftmargin=\dimen260
\caption@rightmargin=\dimen261
\caption@width=\dimen262
\caption@indent=\dimen263
\caption@parindent=\dimen264
\caption@hangindent=\dimen265
Package caption Info: Standard document class detected.
)
\c@caption@flags=\count292
\c@continuedfloat=\count293
Package caption Info: float package is loaded.
)
(/usr/local/texlive/2023/texmf-dist/tex/latex/caption/subcaption.sty
Package: subcaption 2023/02/19 v1.6 Sub-captions (AR)
Package caption Info: New subtype `subfigure' on input line 239.
\c@subfigure=\count294
Package caption Info: New subtype `subtable' on input line 239.
\c@subtable=\count295
)
(/usr/local/texlive/2023/texmf-dist/tex/generic/ulem/ulem.sty
\UL@box=\box60
\UL@hyphenbox=\box61
\UL@skip=\skip60
\UL@hook=\toks40
\UL@height=\dimen266
\UL@pe=\count296
\UL@pixel=\dimen267
\ULC@box=\box62
Package: ulem 2019/11/18
\ULdepth=\dimen268
)
(/usr/local/texlive/2023/texmf-dist/tex/latex/cancel/cancel.sty
Package: cancel 2013/04/12 v2.2 Cancel math terms
)
(/usr/local/texlive/2023/texmf-dist/tex/latex/graphics/graphicx.sty
Package: graphicx 2021/09/16 v1.2d Enhanced LaTeX Graphics (DPC,SPQR)

(/usr/local/texlive/2023/texmf-dist/tex/latex/graphics/graphics.sty
Package: graphics 2022/03/10 v1.4e Standard LaTeX Graphics (DPC,SPQR)

(/usr/local/texlive/2023/texmf-dist/tex/latex/graphics/trig.sty
Package: trig 2021/08/11 v1.11 sin cos tan (DPC)
)
(/usr/local/texlive/2023/texmf-dist/tex/latex/graphics-cfg/graphics.cfg
File: graphics.cfg 2016/06/04 v1.11 sample graphics configuration
)
Package graphics Info: Driver file: pdftex.def on input line 107.
)
\Gin@req@height=\dimen269
\Gin@req@width=\dimen270
)
(/usr/local/texlive/2023/texmf-dist/tex/latex/jknapltx/mathrsfs.sty
Package: mathrsfs 1996/01/01 Math RSFS package v1.0 (jk)
\symrsfs=\mathgroup7
)
(/usr/local/texlive/2023/texmf-dist/tex/latex/mathtools/empheq.sty
Package: empheq 2017/03/31 v2.15 Emphasizing equations
\l_EQ_equationtype_int=\count297
\l_EQ_alignmentmode_int=\count298
\l_EQ_totalwidth_dim=\dimen271
\l_EQ_displaywidth_dim=\dimen272
\l_EQ_temp_linewidth_dim=\dimen273
\l_EQ_linewidth_dim=\dimen274
\EmphEqdelimitershortfall=\dimen275
\EmphEqdelimiterfactor=\count299
\g_EQ_toptag_height_dim=\dimen276
\g_EQ_bottomtag_depth_dim=\dimen277
\g_EQ_toprow_height_dim=\dimen278
\g_EQ_bottomrow_depth_dim=\dimen279
\g_EQ_widesttag_dim=\dimen280
\EQ_mathdisplay_box=\box63
\EQ_tag_box=\box64
\g_EQ_temprow_int=\count300
)
(/usr/local/texlive/2023/texmf-dist/tex/generic/babel/babel.sty
Package: babel 2023/02/13 3.86 The Babel package
\babel@savecnt=\count301
\U@D=\dimen281
\l@unhyphenated=\language87

(/usr/local/texlive/2023/texmf-dist/tex/generic/babel/txtbabel.def)
\bbl@readstream=\read3
\bbl@dirlevel=\count302

(/usr/local/texlive/2023/texmf-dist/tex/generic/babel-english/english.ldf
Language: english 2017/06/06 v3.3r English support from the babel system
Package babel Info: Hyphen rules for 'canadian' set to \l@english
(babel)             (\language0). Reported on input line 102.
Package babel Info: Hyphen rules for 'australian' set to \l@ukenglish
(babel)             (\language21). Reported on input line 105.
Package babel Info: Hyphen rules for 'newzealand' set to \l@ukenglish
(babel)             (\language21). Reported on input line 108.
))
(/usr/local/texlive/2023/texmf-dist/tex/generic/babel/locale/en/babel-english.t
ex
Package babel Info: Importing font and identification data for english
(babel)             from babel-en.ini. Reported on input line 11.
)
\c@theorem=\count303
\c@corollary=\count304
 (/usr/local/texlive/2023/texmf-dist/tex/latex/markdown/markdown.sty
(/usr/local/texlive/2023/texmf-dist/tex/latex/l3kernel/expl3.sty
Package: expl3 2023-02-22 L3 programming layer (loader) 

(/usr/local/texlive/2023/texmf-dist/tex/latex/l3backend/l3backend-pdftex.def
File: l3backend-pdftex.def 2023-01-16 L3 backend support: PDF output (pdfTeX)
\l__color_backend_stack_int=\count305
\l__pdf_internal_box=\box65
))
(/usr/local/texlive/2023/texmf-dist/tex/generic/markdown/markdown.tex
\markdownOptionFrozenCacheCounter=\count306
\markdownInputFileStream=\read4
\markdownOutputFileStream=\write4
Package markdown Info: Using mode 3: The lt3luabridge package on input line 258
0.

(/usr/local/texlive/2023/texmf-dist/tex/generic/lt3luabridge/lt3luabridge.tex
\g_luabridge_method_int=\count307

Package luabridge Info: Using shell escape as the bridging method

))
Package: markdown 2023-02-28 v2.21.0-0-gee15b88 markdown renderer
(/usr/local/texlive/2023/texmf-dist/tex/latex/paralist/paralist.sty
Package: paralist 2017/01/22 v2.7 Extended list environments
\pltopsep=\skip61
\plpartopsep=\skip62
\plitemsep=\skip63
\plparsep=\skip64
\pl@lab=\toks41
)
(/usr/local/texlive/2023/texmf-dist/tex/latex/csvsimple/csvsimple.sty
(/usr/local/texlive/2023/texmf-dist/tex/latex/l3packages/l3keys2e/l3keys2e.sty
Package: l3keys2e 2023-02-02 LaTeX2e option processing using LaTeX3 keys
)
Package: csvsimple 2022/09/20 v2.3.2 LaTeX CSV file processing
) (/usr/local/texlive/2023/texmf-dist/tex/latex/csvsimple/csvsimple-legacy.sty
Package: csvsimple-legacy 2022/09/20 version 2.3.2 LaTeX2e CSV file processing

(/usr/local/texlive/2023/texmf-dist/tex/latex/pgf/utilities/pgfrcs.sty
(/usr/local/texlive/2023/texmf-dist/tex/generic/pgf/utilities/pgfutil-common.te
x
\pgfutil@everybye=\toks42
\pgfutil@tempdima=\dimen282
\pgfutil@tempdimb=\dimen283
)
(/usr/local/texlive/2023/texmf-dist/tex/generic/pgf/utilities/pgfutil-latex.def
\pgfutil@abb=\box66
) (/usr/local/texlive/2023/texmf-dist/tex/generic/pgf/utilities/pgfrcs.code.tex
(/usr/local/texlive/2023/texmf-dist/tex/generic/pgf/pgf.revision.tex)
Package: pgfrcs 2023-01-15 v3.1.10 (3.1.10)
))
(/usr/local/texlive/2023/texmf-dist/tex/latex/pgf/utilities/pgfkeys.sty
(/usr/local/texlive/2023/texmf-dist/tex/generic/pgf/utilities/pgfkeys.code.tex
\pgfkeys@pathtoks=\toks43
\pgfkeys@temptoks=\toks44

(/usr/local/texlive/2023/texmf-dist/tex/generic/pgf/utilities/pgfkeyslibraryfil
tered.code.tex
\pgfkeys@tmptoks=\toks45
))) (/usr/local/texlive/2023/texmf-dist/tex/latex/base/ifthen.sty
Package: ifthen 2022/04/13 v1.1d Standard LaTeX ifthen package (DPC)
) (/usr/local/texlive/2023/texmf-dist/tex/latex/etoolbox/etoolbox.sty
Package: etoolbox 2020/10/05 v2.5k e-TeX tools for LaTeX (JAW)
\etb@tempcnta=\count308
)
(/usr/local/texlive/2023/texmf-dist/tex/latex/tools/shellesc.sty
Package: shellesc 2019/11/08 v1.0c unified shell escape interface for LaTeX
Package shellesc Info: Restricted shell escape enabled on input line 77.
)
\csv@file=\read5
\c@csvinputline=\count309
\c@csvrow=\count310
\c@csvcol=\count311
\csv@out=\write5
)
(/usr/local/texlive/2023/texmf-dist/tex/latex/fancyvrb/fancyvrb.sty
Package: fancyvrb 2023/01/19 4.5a verbatim text (tvz,hv)
\FV@CodeLineNo=\count312
\FV@InFile=\read6
\FV@TabBox=\box67
\c@FancyVerbLine=\count313
\FV@StepNumber=\count314
\FV@OutFile=\write6
)
(/usr/local/texlive/2023/texmf-dist/tex/generic/ltxcmds/ltxcmds.sty
Package: ltxcmds 2020-05-10 v1.25 LaTeX kernel commands for general use (HO)
)
\markdownLaTeXCitationsCounter=\count315

(/usr/local/texlive/2023/texmf-dist/tex/generic/gobble/gobble.sty
Package: gobble 2019/01/04 v0.2 Provides more gobble macros

(/usr/local/texlive/2023/texmf-dist/tex/generic/gobble/gobble.tex))
(/usr/local/texlive/2023/texmf-dist/tex/latex/url/url.sty
\Urlmuskip=\muskip17
Package: url 2013/09/16  ver 3.4  Verb mode for urls, etc.
)
\markdownLaTeXRowCounter=\count316
\markdownLaTeXRowTotal=\count317
\markdownLaTeXColumnCounter=\count318
\markdownLaTeXColumnTotal=\count319
\markdownLaTeXTable=\toks46
\markdownLaTeXTableAlignment=\toks47
\markdownLaTeXTableEnd=\toks48
)
(/usr/local/texlive/2023/texmf-dist/tex/latex/hyperref/hyperref.sty
Package: hyperref 2023-02-07 v7.00v Hypertext links for LaTeX

(/usr/local/texlive/2023/texmf-dist/tex/generic/pdftexcmds/pdftexcmds.sty
Package: pdftexcmds 2020-06-27 v0.33 Utility functions of pdfTeX for LuaTeX (HO
)

(/usr/local/texlive/2023/texmf-dist/tex/generic/infwarerr/infwarerr.sty
Package: infwarerr 2019/12/03 v1.5 Providing info/warning/error messages (HO)
)
Package pdftexcmds Info: \pdf@primitive is available.
Package pdftexcmds Info: \pdf@ifprimitive is available.
Package pdftexcmds Info: \pdfdraftmode found.
)
(/usr/local/texlive/2023/texmf-dist/tex/latex/kvsetkeys/kvsetkeys.sty
Package: kvsetkeys 2022-10-05 v1.19 Key value parser (HO)
)
(/usr/local/texlive/2023/texmf-dist/tex/generic/kvdefinekeys/kvdefinekeys.sty
Package: kvdefinekeys 2019-12-19 v1.6 Define keys (HO)
)
(/usr/local/texlive/2023/texmf-dist/tex/generic/pdfescape/pdfescape.sty
Package: pdfescape 2019/12/09 v1.15 Implements pdfTeX's escape features (HO)
)
(/usr/local/texlive/2023/texmf-dist/tex/latex/hycolor/hycolor.sty
Package: hycolor 2020-01-27 v1.10 Color options for hyperref/bookmark (HO)
)
(/usr/local/texlive/2023/texmf-dist/tex/latex/letltxmacro/letltxmacro.sty
Package: letltxmacro 2019/12/03 v1.6 Let assignment for LaTeX macros (HO)
)
(/usr/local/texlive/2023/texmf-dist/tex/latex/auxhook/auxhook.sty
Package: auxhook 2019-12-17 v1.6 Hooks for auxiliary files (HO)
)
(/usr/local/texlive/2023/texmf-dist/tex/latex/hyperref/nameref.sty
Package: nameref 2022-05-17 v2.50 Cross-referencing by name of section

(/usr/local/texlive/2023/texmf-dist/tex/latex/refcount/refcount.sty
Package: refcount 2019/12/15 v3.6 Data extraction from label references (HO)
)
(/usr/local/texlive/2023/texmf-dist/tex/generic/gettitlestring/gettitlestring.s
ty
Package: gettitlestring 2019/12/15 v1.6 Cleanup title references (HO)
 (/usr/local/texlive/2023/texmf-dist/tex/latex/kvoptions/kvoptions.sty
Package: kvoptions 2022-06-15 v3.15 Key value format for package options (HO)
))
\c@section@level=\count320
)
\@linkdim=\dimen284
\Hy@linkcounter=\count321
\Hy@pagecounter=\count322

(/usr/local/texlive/2023/texmf-dist/tex/latex/hyperref/pd1enc.def
File: pd1enc.def 2023-02-07 v7.00v Hyperref: PDFDocEncoding definition (HO)
Now handling font encoding PD1 ...
... no UTF-8 mapping file for font encoding PD1
)
(/usr/local/texlive/2023/texmf-dist/tex/generic/intcalc/intcalc.sty
Package: intcalc 2019/12/15 v1.3 Expandable calculations with integers (HO)
)
(/usr/local/texlive/2023/texmf-dist/tex/generic/etexcmds/etexcmds.sty
Package: etexcmds 2019/12/15 v1.7 Avoid name clashes with e-TeX commands (HO)
)
\Hy@SavedSpaceFactor=\count323

(/usr/local/texlive/2023/texmf-dist/tex/latex/hyperref/puenc.def
File: puenc.def 2023-02-07 v7.00v Hyperref: PDF Unicode definition (HO)
Now handling font encoding PU ...
... no UTF-8 mapping file for font encoding PU
)
Package hyperref Info: Option `colorlinks' set `true' on input line 4060.
Package hyperref Info: Option `bookmarksopen' set `true' on input line 4060.
Package hyperref Info: Hyper figures OFF on input line 4177.
Package hyperref Info: Link nesting OFF on input line 4182.
Package hyperref Info: Hyper index ON on input line 4185.
Package hyperref Info: Plain pages OFF on input line 4192.
Package hyperref Info: Backreferencing OFF on input line 4197.
Package hyperref Info: Implicit mode ON; LaTeX internals redefined.
Package hyperref Info: Bookmarks ON on input line 4425.
\c@Hy@tempcnt=\count324
LaTeX Info: Redefining \url on input line 4763.
\XeTeXLinkMargin=\dimen285

(/usr/local/texlive/2023/texmf-dist/tex/generic/bitset/bitset.sty
Package: bitset 2019/12/09 v1.3 Handle bit-vector datatype (HO)

(/usr/local/texlive/2023/texmf-dist/tex/generic/bigintcalc/bigintcalc.sty
Package: bigintcalc 2019/12/15 v1.5 Expandable calculations on big integers (HO
)
))
\Fld@menulength=\count325
\Field@Width=\dimen286
\Fld@charsize=\dimen287
Package hyperref Info: Hyper figures OFF on input line 6042.
Package hyperref Info: Link nesting OFF on input line 6047.
Package hyperref Info: Hyper index ON on input line 6050.
Package hyperref Info: backreferencing OFF on input line 6057.
Package hyperref Info: Link coloring ON on input line 6060.
Package hyperref Info: Link coloring with OCG OFF on input line 6067.
Package hyperref Info: PDF/A mode OFF on input line 6072.

(/usr/local/texlive/2023/texmf-dist/tex/latex/base/atbegshi-ltx.sty
Package: atbegshi-ltx 2021/01/10 v1.0c Emulation of the original atbegshi
package with kernel methods
)
\Hy@abspage=\count326
\c@Item=\count327
\c@Hfootnote=\count328
)
Package hyperref Info: Driver (autodetected): hpdftex.

(/usr/local/texlive/2023/texmf-dist/tex/latex/hyperref/hpdftex.def
File: hpdftex.def 2023-02-07 v7.00v Hyperref driver for pdfTeX

(/usr/local/texlive/2023/texmf-dist/tex/latex/base/atveryend-ltx.sty
Package: atveryend-ltx 2020/08/19 v1.0a Emulation of the original atveryend pac
kage
with kernel methods
)
\Fld@listcount=\count329
\c@bookmark@seq@number=\count330

(/usr/local/texlive/2023/texmf-dist/tex/latex/rerunfilecheck/rerunfilecheck.sty
Package: rerunfilecheck 2022-07-10 v1.10 Rerun checks for auxiliary files (HO)

(/usr/local/texlive/2023/texmf-dist/tex/generic/uniquecounter/uniquecounter.sty
Package: uniquecounter 2019/12/15 v1.4 Provide unlimited unique counter (HO)
)
Package uniquecounter Info: New unique counter `rerunfilecheck' on input line 2
85.
)
\Hy@SectionHShift=\skip65
) (/usr/local/texlive/2023/texmf-dist/tex/latex/cleveref/cleveref.sty
Package: cleveref 2018/03/27 v0.21.4 Intelligent cross-referencing
Package cleveref Info: `hyperref' support loaded on input line 2370.
LaTeX Info: Redefining \cref on input line 2370.
LaTeX Info: Redefining \Cref on input line 2370.
LaTeX Info: Redefining \crefrange on input line 2370.
LaTeX Info: Redefining \Crefrange on input line 2370.
LaTeX Info: Redefining \cpageref on input line 2370.
LaTeX Info: Redefining \Cpageref on input line 2370.
LaTeX Info: Redefining \cpagerefrange on input line 2370.
LaTeX Info: Redefining \Cpagerefrange on input line 2370.
LaTeX Info: Redefining \labelcref on input line 2370.
LaTeX Info: Redefining \labelcpageref on input line 2370.
Package cleveref Info: `amsthm' support loaded on input line 3026.
)
\c@fnnumber=\count331
\c@fnnumberamp=\count332

(/usr/local/texlive/2023/texmf-dist/tex/latex/listings/listings.sty
\lst@mode=\count333
\lst@gtempboxa=\box68
\lst@token=\toks49
\lst@length=\count334
\lst@currlwidth=\dimen288
\lst@column=\count335
\lst@pos=\count336
\lst@lostspace=\dimen289
\lst@width=\dimen290
\lst@newlines=\count337
\lst@lineno=\count338
\lst@maxwidth=\dimen291

(/usr/local/texlive/2023/texmf-dist/tex/latex/listings/lstmisc.sty
File: lstmisc.sty 2023/02/27 1.9 (Carsten Heinz)
\c@lstnumber=\count339
\lst@skipnumbers=\count340
\lst@framebox=\box69
)
(/usr/local/texlive/2023/texmf-dist/tex/latex/listings/listings.cfg
File: listings.cfg 2023/02/27 1.9 listings configuration
))
Package: listings 2023/02/27 1.9 (Carsten Heinz)
\singlespace=\skip66
\doublespace=\skip67

(/usr/local/texlive/2023/texmf-dist/tex/latex/natbib/natbib.sty
Package: natbib 2010/09/13 8.31b (PWD, AO)
\bibhang=\skip68
\bibsep=\skip69
LaTeX Info: Redefining \cite on input line 694.
\c@NAT@ctr=\count341
)
(/usr/local/texlive/2023/texmf-dist/tex/latex/pgf/frontendlayer/tikz.sty
(/usr/local/texlive/2023/texmf-dist/tex/latex/pgf/basiclayer/pgf.sty
Package: pgf 2023-01-15 v3.1.10 (3.1.10)

(/usr/local/texlive/2023/texmf-dist/tex/latex/pgf/basiclayer/pgfcore.sty
(/usr/local/texlive/2023/texmf-dist/tex/latex/pgf/systemlayer/pgfsys.sty
(/usr/local/texlive/2023/texmf-dist/tex/generic/pgf/systemlayer/pgfsys.code.tex
Package: pgfsys 2023-01-15 v3.1.10 (3.1.10)
\pgf@x=\dimen292
\pgf@y=\dimen293
\pgf@xa=\dimen294
\pgf@ya=\dimen295
\pgf@xb=\dimen296
\pgf@yb=\dimen297
\pgf@xc=\dimen298
\pgf@yc=\dimen299
\pgf@xd=\dimen300
\pgf@yd=\dimen301
\w@pgf@writea=\write7
\r@pgf@reada=\read7
\c@pgf@counta=\count342
\c@pgf@countb=\count343
\c@pgf@countc=\count344
\c@pgf@countd=\count345
\t@pgf@toka=\toks50
\t@pgf@tokb=\toks51
\t@pgf@tokc=\toks52
\pgf@sys@id@count=\count346
(/usr/local/texlive/2023/texmf-dist/tex/generic/pgf/systemlayer/pgf.cfg
File: pgf.cfg 2023-01-15 v3.1.10 (3.1.10)
)
Driver file for pgf: pgfsys-pdftex.def

(/usr/local/texlive/2023/texmf-dist/tex/generic/pgf/systemlayer/pgfsys-pdftex.d
ef
File: pgfsys-pdftex.def 2023-01-15 v3.1.10 (3.1.10)

(/usr/local/texlive/2023/texmf-dist/tex/generic/pgf/systemlayer/pgfsys-common-p
df.def
File: pgfsys-common-pdf.def 2023-01-15 v3.1.10 (3.1.10)
)))
(/usr/local/texlive/2023/texmf-dist/tex/generic/pgf/systemlayer/pgfsyssoftpath.
code.tex
File: pgfsyssoftpath.code.tex 2023-01-15 v3.1.10 (3.1.10)
\pgfsyssoftpath@smallbuffer@items=\count347
\pgfsyssoftpath@bigbuffer@items=\count348
)
(/usr/local/texlive/2023/texmf-dist/tex/generic/pgf/systemlayer/pgfsysprotocol.
code.tex
File: pgfsysprotocol.code.tex 2023-01-15 v3.1.10 (3.1.10)
))
(/usr/local/texlive/2023/texmf-dist/tex/generic/pgf/basiclayer/pgfcore.code.tex
Package: pgfcore 2023-01-15 v3.1.10 (3.1.10)
(/usr/local/texlive/2023/texmf-dist/tex/generic/pgf/math/pgfmath.code.tex
(/usr/local/texlive/2023/texmf-dist/tex/generic/pgf/math/pgfmathutil.code.tex)
(/usr/local/texlive/2023/texmf-dist/tex/generic/pgf/math/pgfmathparser.code.tex
\pgfmath@dimen=\dimen302
\pgfmath@count=\count349
\pgfmath@box=\box70
\pgfmath@toks=\toks53
\pgfmath@stack@operand=\toks54
\pgfmath@stack@operation=\toks55
)
(/usr/local/texlive/2023/texmf-dist/tex/generic/pgf/math/pgfmathfunctions.code.
tex)
(/usr/local/texlive/2023/texmf-dist/tex/generic/pgf/math/pgfmathfunctions.basic
.code.tex)
(/usr/local/texlive/2023/texmf-dist/tex/generic/pgf/math/pgfmathfunctions.trigo
nometric.code.tex)
(/usr/local/texlive/2023/texmf-dist/tex/generic/pgf/math/pgfmathfunctions.rando
m.code.tex)
(/usr/local/texlive/2023/texmf-dist/tex/generic/pgf/math/pgfmathfunctions.compa
rison.code.tex)
(/usr/local/texlive/2023/texmf-dist/tex/generic/pgf/math/pgfmathfunctions.base.
code.tex)
(/usr/local/texlive/2023/texmf-dist/tex/generic/pgf/math/pgfmathfunctions.round
.code.tex)
(/usr/local/texlive/2023/texmf-dist/tex/generic/pgf/math/pgfmathfunctions.misc.
code.tex)
(/usr/local/texlive/2023/texmf-dist/tex/generic/pgf/math/pgfmathfunctions.integ
erarithmetics.code.tex)
(/usr/local/texlive/2023/texmf-dist/tex/generic/pgf/math/pgfmathcalc.code.tex)
(/usr/local/texlive/2023/texmf-dist/tex/generic/pgf/math/pgfmathfloat.code.tex
\c@pgfmathroundto@lastzeros=\count350
)) (/usr/local/texlive/2023/texmf-dist/tex/generic/pgf/math/pgfint.code.tex)
(/usr/local/texlive/2023/texmf-dist/tex/generic/pgf/basiclayer/pgfcorepoints.co
de.tex
File: pgfcorepoints.code.tex 2023-01-15 v3.1.10 (3.1.10)
\pgf@picminx=\dimen303
\pgf@picmaxx=\dimen304
\pgf@picminy=\dimen305
\pgf@picmaxy=\dimen306
\pgf@pathminx=\dimen307
\pgf@pathmaxx=\dimen308
\pgf@pathminy=\dimen309
\pgf@pathmaxy=\dimen310
\pgf@xx=\dimen311
\pgf@xy=\dimen312
\pgf@yx=\dimen313
\pgf@yy=\dimen314
\pgf@zx=\dimen315
\pgf@zy=\dimen316
)
(/usr/local/texlive/2023/texmf-dist/tex/generic/pgf/basiclayer/pgfcorepathconst
ruct.code.tex
File: pgfcorepathconstruct.code.tex 2023-01-15 v3.1.10 (3.1.10)
\pgf@path@lastx=\dimen317
\pgf@path@lasty=\dimen318
)
(/usr/local/texlive/2023/texmf-dist/tex/generic/pgf/basiclayer/pgfcorepathusage
.code.tex
File: pgfcorepathusage.code.tex 2023-01-15 v3.1.10 (3.1.10)
\pgf@shorten@end@additional=\dimen319
\pgf@shorten@start@additional=\dimen320
)
(/usr/local/texlive/2023/texmf-dist/tex/generic/pgf/basiclayer/pgfcorescopes.co
de.tex
File: pgfcorescopes.code.tex 2023-01-15 v3.1.10 (3.1.10)
\pgfpic=\box71
\pgf@hbox=\box72
\pgf@layerbox@main=\box73
\pgf@picture@serial@count=\count351
)
(/usr/local/texlive/2023/texmf-dist/tex/generic/pgf/basiclayer/pgfcoregraphicst
ate.code.tex
File: pgfcoregraphicstate.code.tex 2023-01-15 v3.1.10 (3.1.10)
\pgflinewidth=\dimen321
)
(/usr/local/texlive/2023/texmf-dist/tex/generic/pgf/basiclayer/pgfcoretransform
ations.code.tex
File: pgfcoretransformations.code.tex 2023-01-15 v3.1.10 (3.1.10)
\pgf@pt@x=\dimen322
\pgf@pt@y=\dimen323
\pgf@pt@temp=\dimen324
)
(/usr/local/texlive/2023/texmf-dist/tex/generic/pgf/basiclayer/pgfcorequick.cod
e.tex
File: pgfcorequick.code.tex 2023-01-15 v3.1.10 (3.1.10)
)
(/usr/local/texlive/2023/texmf-dist/tex/generic/pgf/basiclayer/pgfcoreobjects.c
ode.tex
File: pgfcoreobjects.code.tex 2023-01-15 v3.1.10 (3.1.10)
)
(/usr/local/texlive/2023/texmf-dist/tex/generic/pgf/basiclayer/pgfcorepathproce
ssing.code.tex
File: pgfcorepathprocessing.code.tex 2023-01-15 v3.1.10 (3.1.10)
)
(/usr/local/texlive/2023/texmf-dist/tex/generic/pgf/basiclayer/pgfcorearrows.co
de.tex
File: pgfcorearrows.code.tex 2023-01-15 v3.1.10 (3.1.10)
\pgfarrowsep=\dimen325
)
(/usr/local/texlive/2023/texmf-dist/tex/generic/pgf/basiclayer/pgfcoreshade.cod
e.tex
File: pgfcoreshade.code.tex 2023-01-15 v3.1.10 (3.1.10)
\pgf@max=\dimen326
\pgf@sys@shading@range@num=\count352
\pgf@shadingcount=\count353
)
(/usr/local/texlive/2023/texmf-dist/tex/generic/pgf/basiclayer/pgfcoreimage.cod
e.tex
File: pgfcoreimage.code.tex 2023-01-15 v3.1.10 (3.1.10)
)
(/usr/local/texlive/2023/texmf-dist/tex/generic/pgf/basiclayer/pgfcoreexternal.
code.tex
File: pgfcoreexternal.code.tex 2023-01-15 v3.1.10 (3.1.10)
\pgfexternal@startupbox=\box74
)
(/usr/local/texlive/2023/texmf-dist/tex/generic/pgf/basiclayer/pgfcorelayers.co
de.tex
File: pgfcorelayers.code.tex 2023-01-15 v3.1.10 (3.1.10)
)
(/usr/local/texlive/2023/texmf-dist/tex/generic/pgf/basiclayer/pgfcoretranspare
ncy.code.tex
File: pgfcoretransparency.code.tex 2023-01-15 v3.1.10 (3.1.10)
)
(/usr/local/texlive/2023/texmf-dist/tex/generic/pgf/basiclayer/pgfcorepatterns.
code.tex
File: pgfcorepatterns.code.tex 2023-01-15 v3.1.10 (3.1.10)
)
(/usr/local/texlive/2023/texmf-dist/tex/generic/pgf/basiclayer/pgfcorerdf.code.
tex
File: pgfcorerdf.code.tex 2023-01-15 v3.1.10 (3.1.10)
)))
(/usr/local/texlive/2023/texmf-dist/tex/generic/pgf/modules/pgfmoduleshapes.cod
e.tex
File: pgfmoduleshapes.code.tex 2023-01-15 v3.1.10 (3.1.10)
\pgfnodeparttextbox=\box75
)
(/usr/local/texlive/2023/texmf-dist/tex/generic/pgf/modules/pgfmoduleplot.code.
tex
File: pgfmoduleplot.code.tex 2023-01-15 v3.1.10 (3.1.10)
)
(/usr/local/texlive/2023/texmf-dist/tex/latex/pgf/compatibility/pgfcomp-version
-0-65.sty
Package: pgfcomp-version-0-65 2023-01-15 v3.1.10 (3.1.10)
\pgf@nodesepstart=\dimen327
\pgf@nodesepend=\dimen328
)
(/usr/local/texlive/2023/texmf-dist/tex/latex/pgf/compatibility/pgfcomp-version
-1-18.sty
Package: pgfcomp-version-1-18 2023-01-15 v3.1.10 (3.1.10)
))
(/usr/local/texlive/2023/texmf-dist/tex/latex/pgf/utilities/pgffor.sty
(/usr/local/texlive/2023/texmf-dist/tex/latex/pgf/math/pgfmath.sty
(/usr/local/texlive/2023/texmf-dist/tex/generic/pgf/math/pgfmath.code.tex))
(/usr/local/texlive/2023/texmf-dist/tex/generic/pgf/utilities/pgffor.code.tex
Package: pgffor 2023-01-15 v3.1.10 (3.1.10)
\pgffor@iter=\dimen329
\pgffor@skip=\dimen330
\pgffor@stack=\toks56
\pgffor@toks=\toks57
))
(/usr/local/texlive/2023/texmf-dist/tex/generic/pgf/frontendlayer/tikz/tikz.cod
e.tex
Package: tikz 2023-01-15 v3.1.10 (3.1.10)

(/usr/local/texlive/2023/texmf-dist/tex/generic/pgf/libraries/pgflibraryplothan
dlers.code.tex
File: pgflibraryplothandlers.code.tex 2023-01-15 v3.1.10 (3.1.10)
\pgf@plot@mark@count=\count354
\pgfplotmarksize=\dimen331
)
\tikz@lastx=\dimen332
\tikz@lasty=\dimen333
\tikz@lastxsaved=\dimen334
\tikz@lastysaved=\dimen335
\tikz@lastmovetox=\dimen336
\tikz@lastmovetoy=\dimen337
\tikzleveldistance=\dimen338
\tikzsiblingdistance=\dimen339
\tikz@figbox=\box76
\tikz@figbox@bg=\box77
\tikz@tempbox=\box78
\tikz@tempbox@bg=\box79
\tikztreelevel=\count355
\tikznumberofchildren=\count356
\tikznumberofcurrentchild=\count357
\tikz@fig@count=\count358

(/usr/local/texlive/2023/texmf-dist/tex/generic/pgf/modules/pgfmodulematrix.cod
e.tex
File: pgfmodulematrix.code.tex 2023-01-15 v3.1.10 (3.1.10)
\pgfmatrixcurrentrow=\count359
\pgfmatrixcurrentcolumn=\count360
\pgf@matrix@numberofcolumns=\count361
)
\tikz@expandcount=\count362

(/usr/local/texlive/2023/texmf-dist/tex/generic/pgf/frontendlayer/tikz/librarie
s/tikzlibrarytopaths.code.tex
File: tikzlibrarytopaths.code.tex 2023-01-15 v3.1.10 (3.1.10)
)))
(/usr/local/texlive/2023/texmf-dist/tex/generic/pgf/frontendlayer/tikz/librarie
s/tikzlibrarypositioning.code.tex
File: tikzlibrarypositioning.code.tex 2023-01-15 v3.1.10 (3.1.10)
) (./main.aux (./title.aux) (./copyright.aux)
(./approval.aux) (./dedica.aux) (./ackno.aux) (./vita.aux) (./abstract.aux)

LaTeX Warning: Label `eq-ab' multiply defined.


LaTeX Warning: Label `eq-ab@cref' multiply defined.


LaTeX Warning: Label `sec:effective_amplitudes' multiply defined.


LaTeX Warning: Label `sec:effective_amplitudes@cref' multiply defined.

)
\openout1 = `main.aux'.

LaTeX Font Info:    Checking defaults for OML/cmm/m/it on input line 193.
LaTeX Font Info:    ... okay on input line 193.
LaTeX Font Info:    Checking defaults for OMS/cmsy/m/n on input line 193.
LaTeX Font Info:    ... okay on input line 193.
LaTeX Font Info:    Checking defaults for OT1/cmr/m/n on input line 193.
LaTeX Font Info:    ... okay on input line 193.
LaTeX Font Info:    Checking defaults for T1/cmr/m/n on input line 193.
LaTeX Font Info:    ... okay on input line 193.
LaTeX Font Info:    Checking defaults for TS1/cmr/m/n on input line 193.
LaTeX Font Info:    ... okay on input line 193.
LaTeX Font Info:    Checking defaults for OMX/cmex/m/n on input line 193.
LaTeX Font Info:    ... okay on input line 193.
LaTeX Font Info:    Checking defaults for U/cmr/m/n on input line 193.
LaTeX Font Info:    ... okay on input line 193.
LaTeX Font Info:    Checking defaults for PD1/pdf/m/n on input line 193.
LaTeX Font Info:    ... okay on input line 193.
LaTeX Font Info:    Checking defaults for PU/pdf/m/n on input line 193.
LaTeX Font Info:    ... okay on input line 193.
LaTeX Font Info:    Trying to load font information for U+lasy on input line 19
3.
 (/usr/local/texlive/2023/texmf-dist/tex/latex/base/ulasy.fd
File: ulasy.fd 1998/08/17 v2.2e LaTeX symbol font definitions
)
LaTeX Font Info:    Trying to load font information for U+msa on input line 193
.

(/usr/local/texlive/2023/texmf-dist/tex/latex/amsfonts/umsa.fd
File: umsa.fd 2013/01/14 v3.01 AMS symbols A
)
LaTeX Font Info:    Trying to load font information for U+msb on input line 193
.

(/usr/local/texlive/2023/texmf-dist/tex/latex/amsfonts/umsb.fd
File: umsb.fd 2013/01/14 v3.01 AMS symbols B
)
LaTeX Font Info:    Trying to load font information for U+rsfs on input line 19
3.

(/usr/local/texlive/2023/texmf-dist/tex/latex/jknapltx/ursfs.fd
File: ursfs.fd 1998/03/24 rsfs font definition file (jk)
)
Package xypdf Info: Line width: 0.47998pt on input line 193.

*geometry* driver: auto-detecting
*geometry* detected driver: pdftex
*geometry* verbose mode - [ preamble ] result:
* driver: pdftex
* paper: a4paper
* layout: <same size as paper>
* layoutoffset:(h,v)=(0.0pt,0.0pt)
* modes: 
* h-part:(L,W,R)=(34.96832pt, 527.57121pt, 34.96834pt)
* v-part:(T,H,B)=(40.26624pt, 744.38121pt, 60.3994pt)
* \paperwidth=597.50787pt
* \paperheight=845.04684pt
* \textwidth=527.57121pt
* \textheight=744.38121pt
* \oddsidemargin=-37.30167pt
* \evensidemargin=-37.30167pt
* \topmargin=-69.00375pt
* \headheight=12.0pt
* \headsep=25.0pt
* \topskip=12.0pt
* \footskip=30.0pt
* \marginparwidth=44.0pt
* \marginparsep=10.0pt
* \columnsep=10.0pt
* \skip\footins=10.8pt plus 4.0pt minus 2.0pt
* \hoffset=0.0pt
* \voffset=0.0pt
* \mag=1000
* \@twocolumnfalse
* \@twosidefalse
* \@mparswitchfalse
* \@reversemarginfalse
* (1in=72.27pt=25.4mm, 1cm=28.453pt)

(/usr/local/texlive/2023/texmf-dist/tex/context/base/mkii/supp-pdf.mkii
[Loading MPS to PDF converter (version 2006.09.02).]
\scratchcounter=\count363
\scratchdimen=\dimen340
\scratchbox=\box80
\nofMPsegments=\count364
\nofMParguments=\count365
\everyMPshowfont=\toks58
\MPscratchCnt=\count366
\MPscratchDim=\dimen341
\MPnumerator=\count367
\makeMPintoPDFobject=\count368
\everyMPtoPDFconversion=\toks59
) (/usr/local/texlive/2023/texmf-dist/tex/latex/epstopdf-pkg/epstopdf-base.sty
Package: epstopdf-base 2020-01-24 v2.11 Base part for package epstopdf
Package epstopdf-base Info: Redefining graphics rule for `.eps' on input line 4
85.

(/usr/local/texlive/2023/texmf-dist/tex/latex/latexconfig/epstopdf-sys.cfg
File: epstopdf-sys.cfg 2010/07/13 v1.3 Configuration of (r)epstopdf for TeX Liv
e
))
Package caption Info: Begin \AtBeginDocument code.
Package caption Info: hyperref package is loaded.
Package caption Info: listings package is loaded.
Package caption Info: End \AtBeginDocument code.
Package hyperref Info: Link coloring ON on input line 193.

(./main.out) (./main.out)
\@outlinefile=\write8
\openout8 = `main.out'.

\c@lstlisting=\count369
\openout2 = `title.aux'.

 (./title.tex) [1


{/usr/local/texlive/2023/texmf-var/fonts/map/pdftex/updmap/pdftex.map}]
\openout2 = `copyright.aux'.

 (./copyright.tex) [2



]
\openout2 = `approval.aux'.

 (./approval.tex)
[3



]
\openout2 = `dedica.aux'.

 (./dedica.tex) [4



]
\openout2 = `ackno.aux'.

 (./ackno.tex) [5



]
\openout2 = `vita.aux'.

 (./vita.tex) [6



]
\openout2 = `abstract.aux'.

 (./abstract.tex)
[7



] (./main.toc
Overfull \hbox (3.71083pt too wide) detected at line 3
 []\OT1/cmr/m/n/10.95 xviii
 []

[8


]
LaTeX Font Info:    Font shape `U/lasy/b/n' in size <8> not available
(Font)              Font shape `U/lasy/m/n' tried instead on input line 28.
LaTeX Font Info:    Font shape `U/lasy/b/n' in size <6> not available
(Font)              Font shape `U/lasy/m/n' tried instead on input line 28.
)
\tf@toc=\write9
\openout9 = `main.toc'.

 [9] (./main.lot
Overfull \hbox (10.07344pt too wide) in paragraph at lines 5--5
 [][] [][][]\OT1/cmr/m/n/10.95 Pareto front of an-a-lyt-i-cal can-di-date mod-e
ls dis-cov-ered by \OT1/cmtt/m/n/10.95 PySR \OT1/cmr/m/n/10.95 for the real am-
pli-tude $[](\OML/cmm/m/it/10.95 ^^Q; b[]; b[]\OT1/cmr/m/n/10.95 )$, 
 []

)
\tf@lot=\write10
\openout10 = `main.lot'.

 [10] (./main.lof [11]
Overfull \hbox (15.7064pt too wide) in paragraph at lines 22--22
 \OT1/cmr/m/n/10.95 the $(\OML/cmm/m/it/10.95 b[]=a; b[]=a; ^^Q\OMS/cmsy/m/n/10
.95 j[]j\OML/cmm/m/it/10.95 =a\OT1/cmr/m/n/10.95 )\OMS/cmsy/m/n/10.95 ^^@$\OT1/
cmr/m/n/10.95 space, while the bot-tom row dis-plays the $(([] \OMS/cmsy/m/n/10
.95 ^^A []\OT1/cmr/m/n/10.95 ) \OMS/cmsy/m/n/10.95 ^^A []\OML/cmm/m/it/10.95 =\
OT1/cmr/m/n/10.95 (2\OML/cmm/m/it/10.95 ^^Y\OT1/cmr/m/n/10.95 )\OML/cmm/m/it/10
.95 ; b[]=a[]; ^^Q\OMS/cmsy/m/n/10.95 j[]j\OML/cmm/m/it/10.95 =a\OT1/cmr/m/n/10
.95 )\OMS/cmsy/m/n/10.95 ^^@$\OT1/cmr/m/n/10.95 space.[][] [][]  
 []


Overfull \hbox (42.53394pt too wide) in paragraph at lines 23--23
 \OT1/cmr/m/n/10.95 plays the $(\OML/cmm/m/it/10.95 b[]=a; b[]=a; ^^Q\OMS/cmsy/
m/n/10.95 j[]j\OML/cmm/m/it/10.95 =a\OT1/cmr/m/n/10.95 )\OMS/cmsy/m/n/10.95 ^^@
$\OT1/cmr/m/n/10.95 space, while the bot-tom row dis-plays the $(([] \OMS/cmsy/
m/n/10.95 ^^A []\OT1/cmr/m/n/10.95 ) \OMS/cmsy/m/n/10.95 ^^A []\OML/cmm/m/it/10
.95 =\OT1/cmr/m/n/10.95 (2\OML/cmm/m/it/10.95 ^^Y\OT1/cmr/m/n/10.95 )\OML/cmm/m
/it/10.95 ; b[]=a[]; ^^Q\OMS/cmsy/m/n/10.95 j[]j\OML/cmm/m/it/10.95 =a\OT1/cmr/
m/n/10.95 )\OMS/cmsy/m/n/10.95 ^^@$\OT1/cmr/m/n/10.95 space.[][] [][]  
 []

[12]
Overfull \hbox (15.7064pt too wide) in paragraph at lines 25--25
 \OT1/cmr/m/n/10.95 the $(\OML/cmm/m/it/10.95 b[]=a; b[]=a; ^^Q\OMS/cmsy/m/n/10
.95 j[]j\OML/cmm/m/it/10.95 =a\OT1/cmr/m/n/10.95 )\OMS/cmsy/m/n/10.95 ^^@$\OT1/
cmr/m/n/10.95 space, while the bot-tom row dis-plays the $(([] \OMS/cmsy/m/n/10
.95 ^^A []\OT1/cmr/m/n/10.95 ) \OMS/cmsy/m/n/10.95 ^^A []\OML/cmm/m/it/10.95 =\
OT1/cmr/m/n/10.95 (2\OML/cmm/m/it/10.95 ^^Y\OT1/cmr/m/n/10.95 )\OML/cmm/m/it/10
.95 ; b[]=a[]; ^^Q\OMS/cmsy/m/n/10.95 j[]j\OML/cmm/m/it/10.95 =a\OT1/cmr/m/n/10
.95 )\OMS/cmsy/m/n/10.95 ^^@$\OT1/cmr/m/n/10.95 space.[][] [][]  
 []


Overfull \hbox (42.53394pt too wide) in paragraph at lines 26--26
 \OT1/cmr/m/n/10.95 plays the $(\OML/cmm/m/it/10.95 b[]=a; b[]=a; ^^Q\OMS/cmsy/
m/n/10.95 j[]j\OML/cmm/m/it/10.95 =a\OT1/cmr/m/n/10.95 )\OMS/cmsy/m/n/10.95 ^^@
$\OT1/cmr/m/n/10.95 space, while the bot-tom row dis-plays the $(([] \OMS/cmsy/
m/n/10.95 ^^A []\OT1/cmr/m/n/10.95 ) \OMS/cmsy/m/n/10.95 ^^A []\OML/cmm/m/it/10
.95 =\OT1/cmr/m/n/10.95 (2\OML/cmm/m/it/10.95 ^^Y\OT1/cmr/m/n/10.95 )\OML/cmm/m
/it/10.95 ; b[]=a[]; ^^Q\OMS/cmsy/m/n/10.95 j[]j\OML/cmm/m/it/10.95 =a\OT1/cmr/
m/n/10.95 )\OMS/cmsy/m/n/10.95 ^^@$\OT1/cmr/m/n/10.95 space.[][] [][]  
 []


Overfull \hbox (15.7064pt too wide) in paragraph at lines 28--28
 \OT1/cmr/m/n/10.95 the $(\OML/cmm/m/it/10.95 b[]=a; b[]=a; ^^Q\OMS/cmsy/m/n/10
.95 j[]j\OML/cmm/m/it/10.95 =a\OT1/cmr/m/n/10.95 )\OMS/cmsy/m/n/10.95 ^^@$\OT1/
cmr/m/n/10.95 space, while the bot-tom row dis-plays the $(([] \OMS/cmsy/m/n/10
.95 ^^A []\OT1/cmr/m/n/10.95 ) \OMS/cmsy/m/n/10.95 ^^A []\OML/cmm/m/it/10.95 =\
OT1/cmr/m/n/10.95 (2\OML/cmm/m/it/10.95 ^^Y\OT1/cmr/m/n/10.95 )\OML/cmm/m/it/10
.95 ; b[]=a[]; ^^Q\OMS/cmsy/m/n/10.95 j[]j\OML/cmm/m/it/10.95 =a\OT1/cmr/m/n/10
.95 )\OMS/cmsy/m/n/10.95 ^^@$\OT1/cmr/m/n/10.95 space.[][] [][]  
 []


Overfull \hbox (42.53394pt too wide) in paragraph at lines 29--29
 \OT1/cmr/m/n/10.95 plays the $(\OML/cmm/m/it/10.95 b[]=a; b[]=a; ^^Q\OMS/cmsy/
m/n/10.95 j[]j\OML/cmm/m/it/10.95 =a\OT1/cmr/m/n/10.95 )\OMS/cmsy/m/n/10.95 ^^@
$\OT1/cmr/m/n/10.95 space, while the bot-tom row dis-plays the $(([] \OMS/cmsy/
m/n/10.95 ^^A []\OT1/cmr/m/n/10.95 ) \OMS/cmsy/m/n/10.95 ^^A []\OML/cmm/m/it/10
.95 =\OT1/cmr/m/n/10.95 (2\OML/cmm/m/it/10.95 ^^Y\OT1/cmr/m/n/10.95 )\OML/cmm/m
/it/10.95 ; b[]=a[]; ^^Q\OMS/cmsy/m/n/10.95 j[]j\OML/cmm/m/it/10.95 =a\OT1/cmr/
m/n/10.95 )\OMS/cmsy/m/n/10.95 ^^@$\OT1/cmr/m/n/10.95 space.[][] [][]  
 []


Overfull \hbox (15.7064pt too wide) in paragraph at lines 31--31
 \OT1/cmr/m/n/10.95 the $(\OML/cmm/m/it/10.95 b[]=a; b[]=a; ^^Q\OMS/cmsy/m/n/10
.95 j[]j\OML/cmm/m/it/10.95 =a\OT1/cmr/m/n/10.95 )\OMS/cmsy/m/n/10.95 ^^@$\OT1/
cmr/m/n/10.95 space, while the bot-tom row dis-plays the $(([] \OMS/cmsy/m/n/10
.95 ^^A []\OT1/cmr/m/n/10.95 ) \OMS/cmsy/m/n/10.95 ^^A []\OML/cmm/m/it/10.95 =\
OT1/cmr/m/n/10.95 (2\OML/cmm/m/it/10.95 ^^Y\OT1/cmr/m/n/10.95 )\OML/cmm/m/it/10
.95 ; b[]=a[]; ^^Q\OMS/cmsy/m/n/10.95 j[]j\OML/cmm/m/it/10.95 =a\OT1/cmr/m/n/10
.95 )\OMS/cmsy/m/n/10.95 ^^@$\OT1/cmr/m/n/10.95 space.[][] [][]  
 []


Overfull \hbox (42.53394pt too wide) in paragraph at lines 32--32
 \OT1/cmr/m/n/10.95 plays the $(\OML/cmm/m/it/10.95 b[]=a; b[]=a; ^^Q\OMS/cmsy/
m/n/10.95 j[]j\OML/cmm/m/it/10.95 =a\OT1/cmr/m/n/10.95 )\OMS/cmsy/m/n/10.95 ^^@
$\OT1/cmr/m/n/10.95 space, while the bot-tom row dis-plays the $(([] \OMS/cmsy/
m/n/10.95 ^^A []\OT1/cmr/m/n/10.95 ) \OMS/cmsy/m/n/10.95 ^^A []\OML/cmm/m/it/10
.95 =\OT1/cmr/m/n/10.95 (2\OML/cmm/m/it/10.95 ^^Y\OT1/cmr/m/n/10.95 )\OML/cmm/m
/it/10.95 ; b[]=a[]; ^^Q\OMS/cmsy/m/n/10.95 j[]j\OML/cmm/m/it/10.95 =a\OT1/cmr/
m/n/10.95 )\OMS/cmsy/m/n/10.95 ^^@$\OT1/cmr/m/n/10.95 space.[][] [][]  
 []

[13])
\tf@lof=\write11
\openout11 = `main.lof'.

 [14] [15] (./Chapters/INTRODUCTION_AND_MOTIVATION.tex) [1]
(./Chapters/LATTICE_QCD_METHODOLOGY.tex

Package natbib Warning: Citation `Gattringer:2010zz' on page 2 undefined on inp
ut line 8.


Package natbib Warning: Citation `Wilson:1974sk' on page 2 undefined on input l
ine 11.


Package natbib Warning: Citation `Gattringer:2010zz' on page 2 undefined on inp
ut line 17.


Package natbib Warning: Citation `Lin:2014' on page 2 undefined on input line 1
7.

[2]

Package natbib Warning: Citation `Wilson:1974sk' on page 3 undefined on input l
ine 28.


Package natbib Warning: Citation `Gattringer:2010zz' on page 3 undefined on inp
ut line 32.


Package natbib Warning: Citation `Gattringer:2010zz' on page 3 undefined on inp
ut line 35.


Package natbib Warning: Citation `Lin:2014' on page 3 undefined on input line 3
9.

[3]

Package natbib Warning: Citation `Lin:2014' on page 4 undefined on input line 5
0.


Package natbib Warning: Citation `Lin:2014' on page 4 undefined on input line 6
1.

[4]

Package natbib Warning: Citation `Musch:2011er' on page 5 undefined on input li
ne 68.


Package natbib Warning: Citation `Musch:2011er' on page 5 undefined on input li
ne 71.

[5]) [6] (./Chapters/THEORETICAL_FRAMEWORK_OF_TMDs.tex

Package natbib Warning: Citation `Aybat:2011zv' on page 7 undefined on input li
ne 16.


Package natbib Warning: Citation `CollinsBook2011' on page 7 undefined on input
 line 16.


Package natbib Warning: Citation `Aybat:2011ge' on page 7 undefined on input li
ne 16.

[7]

Package natbib Warning: Citation `Ralston:1979ys' on page 8 undefined on input 
line 33.


Package natbib Warning: Citation `Tangerman:1994eh' on page 8 undefined on inpu
t line 33.


Package natbib Warning: Citation `Mulders:1995dh' on page 8 undefined on input 
line 33.


Package natbib Warning: Citation `Goeke:2005hb' on page 8 undefined on input li
ne 33.


Package natbib Warning: Citation `Sivers:1989cc' on page 8 undefined on input l
ine 37.


Package natbib Warning: Citation `Collins:1981uw' on page 8 undefined on input 
line 44.

[8]

Package natbib Warning: Citation `Boer:2011xd' on page 9 undefined on input lin
e 62.


Package natbib Warning: Citation `Bacchetta:2008xw' on page 9 undefined on inpu
t line 69.


Package natbib Warning: Citation `Hagler:2009mb' on page 9 undefined on input l
ine 69.


Package natbib Warning: Citation `Musch:2010ka' on page 9 undefined on input li
ne 69.


Package natbib Warning: Citation `Ji:2004wu' on page 9 undefined on input line 
77.


Package natbib Warning: Citation `Aybat:2011zv' on page 9 undefined on input li
ne 77.


Package natbib Warning: Citation `CollinsBook2011' on page 9 undefined on input
 line 77.

[9]

Package natbib Warning: Citation `Collins:1981uk' on page 10 undefined on input
 line 79.


Package natbib Warning: Citation `Idilbi:2004vb' on page 10 undefined on input 
line 79.


Package natbib Warning: Citation `Aybat:2011ge' on page 10 undefined on input l
ine 79.


Package natbib Warning: Citation `Boer:2011xd' on page 10 undefined on input li
ne 87.

[10]

Package natbib Warning: Citation `Goeke:2005hb' on page 11 undefined on input l
ine 127.


Package natbib Warning: Citation `Boer:2011xd' on page 11 undefined on input li
ne 127.


Package natbib Warning: Citation `Hagler:2009mb' on page 11 undefined on input 
line 140.


Package natbib Warning: Citation `Musch:2010ka' on page 11 undefined on input l
ine 140.

[11]

Package natbib Warning: Citation `MuschThesis2' on page 12 undefined on input l
ine 148.


Package natbib Warning: Citation `Accardi:2009au' on page 12 undefined on input
 line 148.

) [12] [13] (./Chapters/EXTRACTING_THE_x-DEPENDENCE.tex [14] [15]

LaTeX Warning: `!h' float specifier changed to `!ht'.


LaTeX Warning: `!h' float specifier changed to `!ht'.

[16]
<plots/kinematics_interpolation/v1_v2_allzetahat_plot.pdf, id=614, 476.78125pt 
x 262.9825pt>
File: plots/kinematics_interpolation/v1_v2_allzetahat_plot.pdf Graphic file (ty
pe pdf)
<use plots/kinematics_interpolation/v1_v2_allzetahat_plot.pdf>
Package pdftex.def Info: plots/kinematics_interpolation/v1_v2_allzetahat_plot.p
df  used on input line 106.
(pdftex.def)             Requested size: 316.54594pt x 174.60828pt.
 [17 <./plots/kinematics_interpolation/v1_v2_allzetahat_plot.pdf>]
<plots/kinematics_interpolation/v1_v2_withPath_forP-1_plot.pdf, id=657, 375.402
5pt x 262.9825pt>
File: plots/kinematics_interpolation/v1_v2_withPath_forP-1_plot.pdf Graphic fil
e (type pdf)
<use plots/kinematics_interpolation/v1_v2_withPath_forP-1_plot.pdf>
Package pdftex.def Info: plots/kinematics_interpolation/v1_v2_withPath_forP-1_p
lot.pdf  used on input line 128.
(pdftex.def)             Requested size: 200.47963pt x 140.44344pt.
<plots/kinematics_interpolation/eta_gauge_links_forP-1_table.pdf, id=658, 936.4
9875pt x 437.635pt>
File: plots/kinematics_interpolation/eta_gauge_links_forP-1_table.pdf Graphic f
ile (type pdf)
<use plots/kinematics_interpolation/eta_gauge_links_forP-1_table.pdf>
Package pdftex.def Info: plots/kinematics_interpolation/eta_gauge_links_forP-1_
table.pdf  used on input line 134.
(pdftex.def)             Requested size: 253.23192pt x 118.33664pt.
<plots/kinematics_interpolation/v1_v2_withPath_forP-2_plot.pdf, id=659, 375.402
5pt x 262.9825pt>
File: plots/kinematics_interpolation/v1_v2_withPath_forP-2_plot.pdf Graphic fil
e (type pdf)
<use plots/kinematics_interpolation/v1_v2_withPath_forP-2_plot.pdf>
Package pdftex.def Info: plots/kinematics_interpolation/v1_v2_withPath_forP-2_p
lot.pdf  used on input line 147.
(pdftex.def)             Requested size: 200.47963pt x 140.44344pt.
<plots/kinematics_interpolation/eta_gauge_links_forP-2_table.pdf, id=660, 936.4
9875pt x 453.695pt>
File: plots/kinematics_interpolation/eta_gauge_links_forP-2_table.pdf Graphic f
ile (type pdf)
<use plots/kinematics_interpolation/eta_gauge_links_forP-2_table.pdf>
Package pdftex.def Info: plots/kinematics_interpolation/eta_gauge_links_forP-2_
table.pdf  used on input line 153.
(pdftex.def)             Requested size: 253.23192pt x 122.67928pt.
<plots/kinematics_interpolation/v1_v2_withPath_forP-3_plot.pdf, id=661, 375.402
5pt x 262.9825pt>
File: plots/kinematics_interpolation/v1_v2_withPath_forP-3_plot.pdf Graphic fil
e (type pdf)
<use plots/kinematics_interpolation/v1_v2_withPath_forP-3_plot.pdf>
Package pdftex.def Info: plots/kinematics_interpolation/v1_v2_withPath_forP-3_p
lot.pdf  used on input line 166.
(pdftex.def)             Requested size: 200.47963pt x 140.44344pt.
<plots/kinematics_interpolation/eta_gauge_links_forP-3_table.pdf, id=662, 936.4
9875pt x 453.695pt>
File: plots/kinematics_interpolation/eta_gauge_links_forP-3_table.pdf Graphic f
ile (type pdf)
<use plots/kinematics_interpolation/eta_gauge_links_forP-3_table.pdf>
Package pdftex.def Info: plots/kinematics_interpolation/eta_gauge_links_forP-3_
table.pdf  used on input line 172.
(pdftex.def)             Requested size: 253.23192pt x 122.67928pt.
<plots/kinematics_interpolation/v1_v2_withPath_forP-4_plot.pdf, id=663, 375.402
5pt x 262.9825pt>
File: plots/kinematics_interpolation/v1_v2_withPath_forP-4_plot.pdf Graphic fil
e (type pdf)
<use plots/kinematics_interpolation/v1_v2_withPath_forP-4_plot.pdf>
Package pdftex.def Info: plots/kinematics_interpolation/v1_v2_withPath_forP-4_p
lot.pdf  used on input line 185.
(pdftex.def)             Requested size: 200.47963pt x 140.44344pt.
<plots/kinematics_interpolation/eta_gauge_links_forP-4_table.pdf, id=664, 936.4
9875pt x 485.815pt>
File: plots/kinematics_interpolation/eta_gauge_links_forP-4_table.pdf Graphic f
ile (type pdf)
<use plots/kinematics_interpolation/eta_gauge_links_forP-4_table.pdf>
Package pdftex.def Info: plots/kinematics_interpolation/eta_gauge_links_forP-4_
table.pdf  used on input line 191.
(pdftex.def)             Requested size: 253.23192pt x 131.36453pt.
 [18]
[19 <./plots/kinematics_interpolation/v1_v2_withPath_forP-1_plot.pdf> <./plots/
kinematics_interpolation/eta_gauge_links_forP-1_table.pdf

pdfTeX warning: pdflatex (file ./plots/kinematics_interpolation/eta_gauge_links
_forP-1_table.pdf): PDF inclusion: multiple pdfs with page group included in a 
single page
> <./plots/kinematics_interpolation/v1_v2_withPath_forP-2_plot.pdf

pdfTeX warning: pdflatex (file ./plots/kinematics_interpolation/v1_v2_withPath_
forP-2_plot.pdf): PDF inclusion: multiple pdfs with page group included in a si
ngle page
> <./plots/kinematics_interpolation/eta_gauge_links_forP-2_table.pdf

pdfTeX warning: pdflatex (file ./plots/kinematics_interpolation/eta_gauge_links
_forP-2_table.pdf): PDF inclusion: multiple pdfs with page group included in a 
single page
> <./plots/kinematics_interpolation/v1_v2_withPath_forP-3_plot.pdf

pdfTeX warning: pdflatex (file ./plots/kinematics_interpolation/v1_v2_withPath_
forP-3_plot.pdf): PDF inclusion: multiple pdfs with page group included in a si
ngle page
> <./plots/kinematics_interpolation/eta_gauge_links_forP-3_table.pdf

pdfTeX warning: pdflatex (file ./plots/kinematics_interpolation/eta_gauge_links
_forP-3_table.pdf): PDF inclusion: multiple pdfs with page group included in a 
single page
>]
<plots/kinematics_interpolation/Example_v_plot_with_2path.pdf, id=890, 260.975p
t x 265.99374pt>
File: plots/kinematics_interpolation/Example_v_plot_with_2path.pdf Graphic file
 (type pdf)
<use plots/kinematics_interpolation/Example_v_plot_with_2path.pdf>
Package pdftex.def Info: plots/kinematics_interpolation/Example_v_plot_with_2pa
th.pdf  used on input line 207.
(pdftex.def)             Requested size: 131.89279pt x 134.42928pt.
 [20 <./plots/kinematics_interpolation/v1_v2_withPath_forP-4_plot.pdf> <./plots
/kinematics_interpolation/eta_gauge_links_forP-4_table.pdf

pdfTeX warning: pdflatex (file ./plots/kinematics_interpolation/eta_gauge_links
_forP-4_table.pdf): PDF inclusion: multiple pdfs with page group included in a 
single page
> <./plots/kinematics_interpolation/Example_v_plot_with_2path.pdf

pdfTeX warning: pdflatex (file ./plots/kinematics_interpolation/Example_v_plot_
with_2path.pdf): PDF inclusion: multiple pdfs with page group included in a sin
gle page
>] (/usr/local/texlive/2023/texmf-dist/tex/latex/listings/lstlang1.sty
File: lstlang1.sty 2023/02/27 1.9 listings language file
)
(/usr/local/texlive/2023/texmf-dist/tex/latex/listings/lstlang1.sty
File: lstlang1.sty 2023/02/27 1.9 listings language file
)
(/usr/local/texlive/2023/texmf-dist/tex/latex/listings/lstlang1.sty
File: lstlang1.sty 2023/02/27 1.9 listings language file
)
(/usr/local/texlive/2023/texmf-dist/tex/latex/listings/lstlang1.sty
File: lstlang1.sty 2023/02/27 1.9 listings language file
)
Package hyperref Info: bookmark level for unknown lstlisting defaults to 0 on i
nput line 220.
LaTeX Font Info:    Font shape `OT1/cmtt/bx/n' in size <10> not available
(Font)              Font shape `OT1/cmtt/m/n' tried instead on input line 222.
<plots/kinematics_interpolation/Interpolation_Ex_b120_eta7_P-1.pdf, id=987, 578
.16pt x 1168.365pt>
File: plots/kinematics_interpolation/Interpolation_Ex_b120_eta7_P-1.pdf Graphic
 file (type pdf)
<use plots/kinematics_interpolation/Interpolation_Ex_b120_eta7_P-1.pdf>
Package pdftex.def Info: plots/kinematics_interpolation/Interpolation_Ex_b120_e
ta7_P-1.pdf  used on input line 237.
(pdftex.def)             Requested size: 263.7856pt x 533.06879pt.
 [21]
[22 <./plots/kinematics_interpolation/Interpolation_Ex_b120_eta7_P-1.pdf>]
<plots/kinematics_interpolation/bL_bT_plot.pdf, id=1039, 260.975pt x 258.9675pt
>
File: plots/kinematics_interpolation/bL_bT_plot.pdf Graphic file (type pdf)
<use plots/kinematics_interpolation/bL_bT_plot.pdf>
Package pdftex.def Info: plots/kinematics_interpolation/bL_bT_plot.pdf  used on
 input line 255.
(pdftex.def)             Requested size: 158.27296pt x 157.05713pt.
<plots/kinematics_interpolation/Pb_bsq_plot.pdf, id=1040, 367.3725pt x 264.99pt
>
File: plots/kinematics_interpolation/Pb_bsq_plot.pdf Graphic file (type pdf)
<use plots/kinematics_interpolation/Pb_bsq_plot.pdf>
Package pdftex.def Info: plots/kinematics_interpolation/Pb_bsq_plot.pdf  used o
n input line 262.
(pdftex.def)             Requested size: 211.02525pt x 152.21846pt.
<plots/kinematics_interpolation/b_gauge_links_for_table1.pdf, id=1042, 505.89pt
 x 413.545pt>
File: plots/kinematics_interpolation/b_gauge_links_for_table1.pdf Graphic file 
(type pdf)
<use plots/kinematics_interpolation/b_gauge_links_for_table1.pdf>
Package pdftex.def Info: plots/kinematics_interpolation/b_gauge_links_for_table
1.pdf  used on input line 277.
(pdftex.def)             Requested size: 342.91806pt x 280.32344pt.

[23] [24 <./plots/kinematics_interpolation/bL_bT_plot.pdf> <./plots/kinematics_
interpolation/Pb_bsq_plot.pdf

pdfTeX warning: pdflatex (file ./plots/kinematics_interpolation/Pb_bsq_plot.pdf
): PDF inclusion: multiple pdfs with page group included in a single page
> <./plots/kinematics_interpolation/b_gauge_links_for_table1.pdf

pdfTeX warning: pdflatex (file ./plots/kinematics_interpolation/b_gauge_links_f
or_table1.pdf): PDF inclusion: multiple pdfs with page group included in a sing
le page
>]
<plots/kinematics_interpolation/b_gauge_links_for_table2.pdf, id=1117, 505.89pt
 x 1037.8775pt>
File: plots/kinematics_interpolation/b_gauge_links_for_table2.pdf Graphic file 
(type pdf)
<use plots/kinematics_interpolation/b_gauge_links_for_table2.pdf>
Package pdftex.def Info: plots/kinematics_interpolation/b_gauge_links_for_table
2.pdf  used on input line 288.
(pdftex.def)             Requested size: 253.23192pt x 519.53928pt.
<plots/kinematics_interpolation/b_gauge_links_for_table3.pdf, id=1118, 505.89pt
 x 1037.8775pt>
File: plots/kinematics_interpolation/b_gauge_links_for_table3.pdf Graphic file 
(type pdf)
<use plots/kinematics_interpolation/b_gauge_links_for_table3.pdf>
Package pdftex.def Info: plots/kinematics_interpolation/b_gauge_links_for_table
3.pdf  used on input line 294.
(pdftex.def)             Requested size: 253.23192pt x 519.53928pt.
<plots/kinematics_interpolation/Example_b_plot_with_2path.pdf, id=1121, 260.975
pt x 268.00125pt>
File: plots/kinematics_interpolation/Example_b_plot_with_2path.pdf Graphic file
 (type pdf)
<use plots/kinematics_interpolation/Example_b_plot_with_2path.pdf>
Package pdftex.def Info: plots/kinematics_interpolation/Example_b_plot_with_2pa
th.pdf  used on input line 310.
(pdftex.def)             Requested size: 158.27296pt x 162.53587pt.
<plots/kinematics_interpolation/bL_bT_plot_with_path.pdf, id=1122, 260.975pt x 
258.9675pt>
File: plots/kinematics_interpolation/bL_bT_plot_with_path.pdf Graphic file (typ
e pdf)
<use plots/kinematics_interpolation/bL_bT_plot_with_path.pdf>
Package pdftex.def Info: plots/kinematics_interpolation/bL_bT_plot_with_path.pd
f  used on input line 317.
(pdftex.def)             Requested size: 158.27296pt x 157.05713pt.


Package natbib Warning: Citation `Musch:2011er' on page 25 undefined on input l
ine 325.

[25] [26 <./plots/kinematics_interpolation/b_gauge_links_for_table2.pdf> <./plo
ts/kinematics_interpolation/b_gauge_links_for_table3.pdf

pdfTeX warning: pdflatex (file ./plots/kinematics_interpolation/b_gauge_links_f
or_table3.pdf): PDF inclusion: multiple pdfs with page group included in a sing
le page
>] [27 <./plots/kinematics_interpolation/Example_b_plot_with_2path.pdf> <./plot
s/kinematics_interpolation/bL_bT_plot_with_path.pdf

pdfTeX warning: pdflatex (file ./plots/kinematics_interpolation/bL_bT_plot_with
_path.pdf): PDF inclusion: multiple pdfs with page group included in a single p
age
>] [28] [29] [30] [31] [32] [33] [34] [35] [36] [37] [38] [39] [40]
<plots/Amps_Fit/ReA2B_PL-1_3D.pdf, id=1351, 981.6574pt x 385.33229pt>
File: plots/Amps_Fit/ReA2B_PL-1_3D.pdf Graphic file (type pdf)
<use plots/Amps_Fit/ReA2B_PL-1_3D.pdf>
Package pdftex.def Info: plots/Amps_Fit/ReA2B_PL-1_3D.pdf  used on input line 8
00.
(pdftex.def)             Requested size: 237.40543pt x 93.1872pt.
<plots/Amps_Fit/ImA2B_PL-1_3D.pdf, id=1352, 981.6574pt x 385.33229pt>
File: plots/Amps_Fit/ImA2B_PL-1_3D.pdf Graphic file (type pdf)
<use plots/Amps_Fit/ImA2B_PL-1_3D.pdf>
Package pdftex.def Info: plots/Amps_Fit/ImA2B_PL-1_3D.pdf  used on input line 8
01.
(pdftex.def)             Requested size: 237.40543pt x 93.1872pt.
<plots/Amps_Fit/ReA2B_Pb_bsq_PL-1_3D.pdf, id=1353, 978.84758pt x 361.48653pt>
File: plots/Amps_Fit/ReA2B_Pb_bsq_PL-1_3D.pdf Graphic file (type pdf)
<use plots/Amps_Fit/ReA2B_Pb_bsq_PL-1_3D.pdf>
Package pdftex.def Info: plots/Amps_Fit/ReA2B_Pb_bsq_PL-1_3D.pdf  used on input
 line 802.
(pdftex.def)             Requested size: 237.40543pt x 87.66864pt.
<plots/Amps_Fit/ImA2B_Pb_bsq_PL-1_3D.pdf, id=1354, 978.84758pt x 361.48653pt>
File: plots/Amps_Fit/ImA2B_Pb_bsq_PL-1_3D.pdf Graphic file (type pdf)
<use plots/Amps_Fit/ImA2B_Pb_bsq_PL-1_3D.pdf>
Package pdftex.def Info: plots/Amps_Fit/ImA2B_Pb_bsq_PL-1_3D.pdf  used on input
 line 803.
(pdftex.def)             Requested size: 237.40543pt x 87.66864pt.
<plots/Amps_Fit/ReA12B_PL-1_3D.pdf, id=1355, 981.6574pt x 385.33229pt>
File: plots/Amps_Fit/ReA12B_PL-1_3D.pdf Graphic file (type pdf)
<use plots/Amps_Fit/ReA12B_PL-1_3D.pdf>
Package pdftex.def Info: plots/Amps_Fit/ReA12B_PL-1_3D.pdf  used on input line 
814.
(pdftex.def)             Requested size: 237.40543pt x 93.1872pt.
<plots/Amps_Fit/ImA12B_PL-1_3D.pdf, id=1356, 981.6574pt x 385.33229pt>
File: plots/Amps_Fit/ImA12B_PL-1_3D.pdf Graphic file (type pdf)
<use plots/Amps_Fit/ImA12B_PL-1_3D.pdf>
Package pdftex.def Info: plots/Amps_Fit/ImA12B_PL-1_3D.pdf  used on input line 
815.
(pdftex.def)             Requested size: 237.40543pt x 93.1872pt.
<plots/Amps_Fit/ReA12B_Pb_bsq_PL-1_3D.pdf, id=1357, 978.84758pt x 361.48653pt>
File: plots/Amps_Fit/ReA12B_Pb_bsq_PL-1_3D.pdf Graphic file (type pdf)
<use plots/Amps_Fit/ReA12B_Pb_bsq_PL-1_3D.pdf>
Package pdftex.def Info: plots/Amps_Fit/ReA12B_Pb_bsq_PL-1_3D.pdf  used on inpu
t line 816.
(pdftex.def)             Requested size: 237.40543pt x 87.66864pt.
<plots/Amps_Fit/ImA12B_Pb_bsq_PL-1_3D.pdf, id=1358, 978.84758pt x 361.48653pt>
File: plots/Amps_Fit/ImA12B_Pb_bsq_PL-1_3D.pdf Graphic file (type pdf)
<use plots/Amps_Fit/ImA12B_Pb_bsq_PL-1_3D.pdf>
Package pdftex.def Info: plots/Amps_Fit/ImA12B_Pb_bsq_PL-1_3D.pdf  used on inpu
t line 817.
(pdftex.def)             Requested size: 237.40543pt x 87.66864pt.
<plots/Amps_Fit/Combined_eta8_PL-1_2D.pdf, id=1359, 1725.51143pt x 851.62956pt>

File: plots/Amps_Fit/Combined_eta8_PL-1_2D.pdf Graphic file (type pdf)
<use plots/Amps_Fit/Combined_eta8_PL-1_2D.pdf>
Package pdftex.def Info: plots/Amps_Fit/Combined_eta8_PL-1_2D.pdf  used on inpu
t line 826.
(pdftex.def)             Requested size: 474.81087pt x 234.3353pt.
<plots/Amps_Fit/Combined_Pb_bsq_eta8_PL-1_2D.pdf, id=1360, 1435.72556pt x 851.0
4338pt>
File: plots/Amps_Fit/Combined_Pb_bsq_eta8_PL-1_2D.pdf Graphic file (type pdf)
<use plots/Amps_Fit/Combined_Pb_bsq_eta8_PL-1_2D.pdf>
Package pdftex.def Info: plots/Amps_Fit/Combined_Pb_bsq_eta8_PL-1_2D.pdf  used 
on input line 827.
(pdftex.def)             Requested size: 474.81087pt x 281.44254pt.
 [41]
[42 <./plots/Amps_Fit/ReA2B_PL-1_3D.pdf> <./plots/Amps_Fit/ImA2B_PL-1_3D.pdf> <
./plots/Amps_Fit/ReA2B_Pb_bsq_PL-1_3D.pdf> <./plots/Amps_Fit/ImA2B_Pb_bsq_PL-1_
3D.pdf> <./plots/Amps_Fit/ReA12B_PL-1_3D.pdf> <./plots/Amps_Fit/ImA12B_PL-1_3D.
pdf> <./plots/Amps_Fit/ReA12B_Pb_bsq_PL-1_3D.pdf> <./plots/Amps_Fit/ImA12B_Pb_b
sq_PL-1_3D.pdf>] [43 <./plots/Amps_Fit/Combined_eta8_PL-1_2D.pdf> <./plots/Amps
_Fit/Combined_Pb_bsq_eta8_PL-1_2D.pdf>]
<plots/Amps_Fit/ReA2B_PL-2_3D.pdf, id=2378, 981.6574pt x 385.33229pt>
File: plots/Amps_Fit/ReA2B_PL-2_3D.pdf Graphic file (type pdf)
<use plots/Amps_Fit/ReA2B_PL-2_3D.pdf>
Package pdftex.def Info: plots/Amps_Fit/ReA2B_PL-2_3D.pdf  used on input line 8
41.
(pdftex.def)             Requested size: 237.40543pt x 93.1872pt.
<plots/Amps_Fit/ImA2B_PL-2_3D.pdf, id=2379, 981.6574pt x 385.33229pt>
File: plots/Amps_Fit/ImA2B_PL-2_3D.pdf Graphic file (type pdf)
<use plots/Amps_Fit/ImA2B_PL-2_3D.pdf>
Package pdftex.def Info: plots/Amps_Fit/ImA2B_PL-2_3D.pdf  used on input line 8
42.
(pdftex.def)             Requested size: 237.40543pt x 93.1872pt.
<plots/Amps_Fit/ReA2B_Pb_bsq_PL-2_3D.pdf, id=2380, 978.22403pt x 358.32175pt>
File: plots/Amps_Fit/ReA2B_Pb_bsq_PL-2_3D.pdf Graphic file (type pdf)
<use plots/Amps_Fit/ReA2B_Pb_bsq_PL-2_3D.pdf>
Package pdftex.def Info: plots/Amps_Fit/ReA2B_Pb_bsq_PL-2_3D.pdf  used on input
 line 843.
(pdftex.def)             Requested size: 237.40543pt x 86.96126pt.
<plots/Amps_Fit/ImA2B_Pb_bsq_PL-2_3D.pdf, id=2381, 978.22403pt x 358.32175pt>
File: plots/Amps_Fit/ImA2B_Pb_bsq_PL-2_3D.pdf Graphic file (type pdf)
<use plots/Amps_Fit/ImA2B_Pb_bsq_PL-2_3D.pdf>
Package pdftex.def Info: plots/Amps_Fit/ImA2B_Pb_bsq_PL-2_3D.pdf  used on input
 line 844.
(pdftex.def)             Requested size: 237.40543pt x 86.96126pt.
<plots/Amps_Fit/ReA12B_PL-2_3D.pdf, id=2382, 981.6574pt x 385.33229pt>
File: plots/Amps_Fit/ReA12B_PL-2_3D.pdf Graphic file (type pdf)
<use plots/Amps_Fit/ReA12B_PL-2_3D.pdf>
Package pdftex.def Info: plots/Amps_Fit/ReA12B_PL-2_3D.pdf  used on input line 
855.
(pdftex.def)             Requested size: 237.40543pt x 93.1872pt.
<plots/Amps_Fit/ImA12B_PL-2_3D.pdf, id=2383, 981.6574pt x 385.33229pt>
File: plots/Amps_Fit/ImA12B_PL-2_3D.pdf Graphic file (type pdf)
<use plots/Amps_Fit/ImA12B_PL-2_3D.pdf>
Package pdftex.def Info: plots/Amps_Fit/ImA12B_PL-2_3D.pdf  used on input line 
856.
(pdftex.def)             Requested size: 237.40543pt x 93.1872pt.
<plots/Amps_Fit/ReA12B_Pb_bsq_PL-2_3D.pdf, id=2384, 978.22403pt x 358.32175pt>
File: plots/Amps_Fit/ReA12B_Pb_bsq_PL-2_3D.pdf Graphic file (type pdf)
<use plots/Amps_Fit/ReA12B_Pb_bsq_PL-2_3D.pdf>
Package pdftex.def Info: plots/Amps_Fit/ReA12B_Pb_bsq_PL-2_3D.pdf  used on inpu
t line 857.
(pdftex.def)             Requested size: 237.40543pt x 86.96126pt.
<plots/Amps_Fit/ImA12B_Pb_bsq_PL-2_3D.pdf, id=2385, 978.22403pt x 358.32175pt>
File: plots/Amps_Fit/ImA12B_Pb_bsq_PL-2_3D.pdf Graphic file (type pdf)
<use plots/Amps_Fit/ImA12B_Pb_bsq_PL-2_3D.pdf>
Package pdftex.def Info: plots/Amps_Fit/ImA12B_Pb_bsq_PL-2_3D.pdf  used on inpu
t line 858.
(pdftex.def)             Requested size: 237.40543pt x 86.96126pt.
<plots/Amps_Fit/Combined_eta8_PL-2_2D.pdf, id=2386, 1725.51143pt x 851.62956pt>

File: plots/Amps_Fit/Combined_eta8_PL-2_2D.pdf Graphic file (type pdf)
<use plots/Amps_Fit/Combined_eta8_PL-2_2D.pdf>
Package pdftex.def Info: plots/Amps_Fit/Combined_eta8_PL-2_2D.pdf  used on inpu
t line 867.
(pdftex.def)             Requested size: 474.81087pt x 234.3353pt.
<plots/Amps_Fit/Combined_Pb_bsq_eta8_PL-2_2D.pdf, id=2387, 1435.6388pt x 851.04
338pt>
File: plots/Amps_Fit/Combined_Pb_bsq_eta8_PL-2_2D.pdf Graphic file (type pdf)
<use plots/Amps_Fit/Combined_Pb_bsq_eta8_PL-2_2D.pdf>
Package pdftex.def Info: plots/Amps_Fit/Combined_Pb_bsq_eta8_PL-2_2D.pdf  used 
on input line 868.
(pdftex.def)             Requested size: 474.81087pt x 281.4685pt.
 [44 <./plots/Amps_Fit/ReA2B_PL-2_3D.pdf> <./plots/Amps_Fit/ImA2B_PL-2_3D.pdf> 
<./plots/Amps_Fit/ReA2B_Pb_bsq_PL-2_3D.pdf> <./plots/Amps_Fit/ImA2B_Pb_bsq_PL-2
_3D.pdf> <./plots/Amps_Fit/ReA12B_PL-2_3D.pdf> <./plots/Amps_Fit/ImA12B_PL-2_3D
.pdf> <./plots/Amps_Fit/ReA12B_Pb_bsq_PL-2_3D.pdf> <./plots/Amps_Fit/ImA12B_Pb_
bsq_PL-2_3D.pdf>] [45 <./plots/Amps_Fit/Combined_eta8_PL-2_2D.pdf> <./plots/Amp
s_Fit/Combined_Pb_bsq_eta8_PL-2_2D.pdf>]
<plots/Amps_Fit/ReA2B_PL-3_3D.pdf, id=3402, 981.6574pt x 385.33229pt>
File: plots/Amps_Fit/ReA2B_PL-3_3D.pdf Graphic file (type pdf)
<use plots/Amps_Fit/ReA2B_PL-3_3D.pdf>
Package pdftex.def Info: plots/Amps_Fit/ReA2B_PL-3_3D.pdf  used on input line 8
82.
(pdftex.def)             Requested size: 237.40543pt x 93.1872pt.
<plots/Amps_Fit/ImA2B_PL-3_3D.pdf, id=3403, 981.6574pt x 385.33229pt>
File: plots/Amps_Fit/ImA2B_PL-3_3D.pdf Graphic file (type pdf)
<use plots/Amps_Fit/ImA2B_PL-3_3D.pdf>
Package pdftex.def Info: plots/Amps_Fit/ImA2B_PL-3_3D.pdf  used on input line 8
83.
(pdftex.def)             Requested size: 237.40543pt x 93.1872pt.
<plots/Amps_Fit/ReA2B_Pb_bsq_PL-3_3D.pdf, id=3404, 978.16473pt x 358.2935pt>
File: plots/Amps_Fit/ReA2B_Pb_bsq_PL-3_3D.pdf Graphic file (type pdf)
<use plots/Amps_Fit/ReA2B_Pb_bsq_PL-3_3D.pdf>
Package pdftex.def Info: plots/Amps_Fit/ReA2B_Pb_bsq_PL-3_3D.pdf  used on input
 line 884.
(pdftex.def)             Requested size: 237.40543pt x 86.95987pt.
<plots/Amps_Fit/ImA2B_Pb_bsq_PL-3_3D.pdf, id=3405, 978.16473pt x 358.2935pt>
File: plots/Amps_Fit/ImA2B_Pb_bsq_PL-3_3D.pdf Graphic file (type pdf)
<use plots/Amps_Fit/ImA2B_Pb_bsq_PL-3_3D.pdf>
Package pdftex.def Info: plots/Amps_Fit/ImA2B_Pb_bsq_PL-3_3D.pdf  used on input
 line 885.
(pdftex.def)             Requested size: 237.40543pt x 86.95987pt.
<plots/Amps_Fit/ReA12B_PL-3_3D.pdf, id=3406, 981.6574pt x 385.33229pt>
File: plots/Amps_Fit/ReA12B_PL-3_3D.pdf Graphic file (type pdf)
<use plots/Amps_Fit/ReA12B_PL-3_3D.pdf>
Package pdftex.def Info: plots/Amps_Fit/ReA12B_PL-3_3D.pdf  used on input line 
896.
(pdftex.def)             Requested size: 237.40543pt x 93.1872pt.
<plots/Amps_Fit/ImA12B_PL-3_3D.pdf, id=3407, 981.6574pt x 385.33229pt>
File: plots/Amps_Fit/ImA12B_PL-3_3D.pdf Graphic file (type pdf)
<use plots/Amps_Fit/ImA12B_PL-3_3D.pdf>
Package pdftex.def Info: plots/Amps_Fit/ImA12B_PL-3_3D.pdf  used on input line 
897.
(pdftex.def)             Requested size: 237.40543pt x 93.1872pt.
<plots/Amps_Fit/ReA12B_Pb_bsq_PL-3_3D.pdf, id=3408, 978.16473pt x 358.2935pt>
File: plots/Amps_Fit/ReA12B_Pb_bsq_PL-3_3D.pdf Graphic file (type pdf)
<use plots/Amps_Fit/ReA12B_Pb_bsq_PL-3_3D.pdf>
Package pdftex.def Info: plots/Amps_Fit/ReA12B_Pb_bsq_PL-3_3D.pdf  used on inpu
t line 898.
(pdftex.def)             Requested size: 237.40543pt x 86.95987pt.
<plots/Amps_Fit/ImA12B_Pb_bsq_PL-3_3D.pdf, id=3409, 978.16473pt x 358.2935pt>
File: plots/Amps_Fit/ImA12B_Pb_bsq_PL-3_3D.pdf Graphic file (type pdf)
<use plots/Amps_Fit/ImA12B_Pb_bsq_PL-3_3D.pdf>
Package pdftex.def Info: plots/Amps_Fit/ImA12B_Pb_bsq_PL-3_3D.pdf  used on inpu
t line 899.
(pdftex.def)             Requested size: 237.40543pt x 86.95987pt.
<plots/Amps_Fit/Combined_eta8_PL-3_2D.pdf, id=3410, 1725.51143pt x 851.62956pt>

File: plots/Amps_Fit/Combined_eta8_PL-3_2D.pdf Graphic file (type pdf)
<use plots/Amps_Fit/Combined_eta8_PL-3_2D.pdf>
Package pdftex.def Info: plots/Amps_Fit/Combined_eta8_PL-3_2D.pdf  used on inpu
t line 908.
(pdftex.def)             Requested size: 474.81087pt x 234.3353pt.
<plots/Amps_Fit/Combined_Pb_bsq_eta8_PL-3_2D.pdf, id=3411, 1435.6388pt x 851.04
338pt>
File: plots/Amps_Fit/Combined_Pb_bsq_eta8_PL-3_2D.pdf Graphic file (type pdf)
<use plots/Amps_Fit/Combined_Pb_bsq_eta8_PL-3_2D.pdf>
Package pdftex.def Info: plots/Amps_Fit/Combined_Pb_bsq_eta8_PL-3_2D.pdf  used 
on input line 909.
(pdftex.def)             Requested size: 474.81087pt x 281.4685pt.
[46 <./plots/Amps_Fit/ReA2B_PL-3_3D.pdf> <./plots/Amps_Fit/ImA2B_PL-3_3D.pdf> <
./plots/Amps_Fit/ReA2B_Pb_bsq_PL-3_3D.pdf> <./plots/Amps_Fit/ImA2B_Pb_bsq_PL-3_
3D.pdf> <./plots/Amps_Fit/ReA12B_PL-3_3D.pdf> <./plots/Amps_Fit/ImA12B_PL-3_3D.
pdf> <./plots/Amps_Fit/ReA12B_Pb_bsq_PL-3_3D.pdf> <./plots/Amps_Fit/ImA12B_Pb_b
sq_PL-3_3D.pdf>] [47 <./plots/Amps_Fit/Combined_eta8_PL-3_2D.pdf> <./plots/Amps
_Fit/Combined_Pb_bsq_eta8_PL-3_2D.pdf>]
<plots/Amps_Fit/ReA2B_PL-4_3D.pdf, id=4426, 981.6574pt x 385.33229pt>
File: plots/Amps_Fit/ReA2B_PL-4_3D.pdf Graphic file (type pdf)
<use plots/Amps_Fit/ReA2B_PL-4_3D.pdf>
Package pdftex.def Info: plots/Amps_Fit/ReA2B_PL-4_3D.pdf  used on input line 9
23.
(pdftex.def)             Requested size: 237.40543pt x 93.1872pt.
<plots/Amps_Fit/ImA2B_PL-4_3D.pdf, id=4427, 981.6574pt x 385.33229pt>
File: plots/Amps_Fit/ImA2B_PL-4_3D.pdf Graphic file (type pdf)
<use plots/Amps_Fit/ImA2B_PL-4_3D.pdf>
Package pdftex.def Info: plots/Amps_Fit/ImA2B_PL-4_3D.pdf  used on input line 9
24.
(pdftex.def)             Requested size: 237.40543pt x 93.1872pt.
<plots/Amps_Fit/ReA2B_Pb_bsq_PL-4_3D.pdf, id=4428, 978.16473pt x 358.2935pt>
File: plots/Amps_Fit/ReA2B_Pb_bsq_PL-4_3D.pdf Graphic file (type pdf)
<use plots/Amps_Fit/ReA2B_Pb_bsq_PL-4_3D.pdf>
Package pdftex.def Info: plots/Amps_Fit/ReA2B_Pb_bsq_PL-4_3D.pdf  used on input
 line 925.
(pdftex.def)             Requested size: 237.40543pt x 86.95987pt.
<plots/Amps_Fit/ImA2B_Pb_bsq_PL-4_3D.pdf, id=4429, 978.16473pt x 358.2935pt>
File: plots/Amps_Fit/ImA2B_Pb_bsq_PL-4_3D.pdf Graphic file (type pdf)
<use plots/Amps_Fit/ImA2B_Pb_bsq_PL-4_3D.pdf>
Package pdftex.def Info: plots/Amps_Fit/ImA2B_Pb_bsq_PL-4_3D.pdf  used on input
 line 926.
(pdftex.def)             Requested size: 237.40543pt x 86.95987pt.
<plots/Amps_Fit/ReA12B_PL-4_3D.pdf, id=4430, 981.6574pt x 385.33229pt>
File: plots/Amps_Fit/ReA12B_PL-4_3D.pdf Graphic file (type pdf)
<use plots/Amps_Fit/ReA12B_PL-4_3D.pdf>
Package pdftex.def Info: plots/Amps_Fit/ReA12B_PL-4_3D.pdf  used on input line 
937.
(pdftex.def)             Requested size: 237.40543pt x 93.1872pt.
<plots/Amps_Fit/ImA12B_PL-4_3D.pdf, id=4431, 981.6574pt x 385.33229pt>
File: plots/Amps_Fit/ImA12B_PL-4_3D.pdf Graphic file (type pdf)
<use plots/Amps_Fit/ImA12B_PL-4_3D.pdf>
Package pdftex.def Info: plots/Amps_Fit/ImA12B_PL-4_3D.pdf  used on input line 
938.
(pdftex.def)             Requested size: 237.40543pt x 93.1872pt.
<plots/Amps_Fit/ReA12B_Pb_bsq_PL-4_3D.pdf, id=4432, 978.16473pt x 358.2935pt>
File: plots/Amps_Fit/ReA12B_Pb_bsq_PL-4_3D.pdf Graphic file (type pdf)
<use plots/Amps_Fit/ReA12B_Pb_bsq_PL-4_3D.pdf>
Package pdftex.def Info: plots/Amps_Fit/ReA12B_Pb_bsq_PL-4_3D.pdf  used on inpu
t line 939.
(pdftex.def)             Requested size: 237.40543pt x 86.95987pt.
<plots/Amps_Fit/ImA12B_Pb_bsq_PL-4_3D.pdf, id=4433, 978.16473pt x 358.2935pt>
File: plots/Amps_Fit/ImA12B_Pb_bsq_PL-4_3D.pdf Graphic file (type pdf)
<use plots/Amps_Fit/ImA12B_Pb_bsq_PL-4_3D.pdf>
Package pdftex.def Info: plots/Amps_Fit/ImA12B_Pb_bsq_PL-4_3D.pdf  used on inpu
t line 940.
(pdftex.def)             Requested size: 237.40543pt x 86.95987pt.
<plots/Amps_Fit/Combined_eta8_PL-4_2D.pdf, id=4434, 1725.51143pt x 851.62956pt>

File: plots/Amps_Fit/Combined_eta8_PL-4_2D.pdf Graphic file (type pdf)
<use plots/Amps_Fit/Combined_eta8_PL-4_2D.pdf>
Package pdftex.def Info: plots/Amps_Fit/Combined_eta8_PL-4_2D.pdf  used on inpu
t line 949.
(pdftex.def)             Requested size: 474.81087pt x 234.3353pt.
<plots/Amps_Fit/Combined_Pb_bsq_eta8_PL-4_2D.pdf, id=4435, 1435.6388pt x 851.04
338pt>
File: plots/Amps_Fit/Combined_Pb_bsq_eta8_PL-4_2D.pdf Graphic file (type pdf)
<use plots/Amps_Fit/Combined_Pb_bsq_eta8_PL-4_2D.pdf>
Package pdftex.def Info: plots/Amps_Fit/Combined_Pb_bsq_eta8_PL-4_2D.pdf  used 
on input line 950.
(pdftex.def)             Requested size: 474.81087pt x 281.4685pt.
) [48 <./plots/Amps_Fit/ReA2B_PL-4_3D.pdf> <./plots/Amps_Fit/ImA2B_PL-4_3D.pdf>
 <./plots/Amps_Fit/ReA2B_Pb_bsq_PL-4_3D.pdf> <./plots/Amps_Fit/ImA2B_Pb_bsq_PL-
4_3D.pdf> <./plots/Amps_Fit/ReA12B_PL-4_3D.pdf> <./plots/Amps_Fit/ImA12B_PL-4_3
D.pdf> <./plots/Amps_Fit/ReA12B_Pb_bsq_PL-4_3D.pdf> <./plots/Amps_Fit/ImA12B_Pb
_bsq_PL-4_3D.pdf>] [49 <./plots/Amps_Fit/Combined_eta8_PL-4_2D.pdf> <./plots/Am
ps_Fit/Combined_Pb_bsq_eta8_PL-4_2D.pdf>] (./Chapters/FITTING_METHODOLOGIES_AND
_STABILITY_ANALYSIS.tex [50]
<plots/Gaussian_fit_all_b/Gaussian_A2B_Re_P1_FailedFit.pdf, id=5449, 493.845pt 
x 236.885pt>
File: plots/Gaussian_fit_all_b/Gaussian_A2B_Re_P1_FailedFit.pdf Graphic file (t
ype pdf)
<use plots/Gaussian_fit_all_b/Gaussian_A2B_Re_P1_FailedFit.pdf>
Package pdftex.def Info: plots/Gaussian_fit_all_b/Gaussian_A2B_Re_P1_FailedFit.
pdf  used on input line 40.
(pdftex.def)             Requested size: 253.23192pt x 121.46759pt.
<plots/Gaussian_fit_all_b/Gaussian_A2B_Re_P1_FailedFit_details1.pdf, id=5450, 6
79.53876pt x 66.2475pt>
File: plots/Gaussian_fit_all_b/Gaussian_A2B_Re_P1_FailedFit_details1.pdf Graphi
c file (type pdf)
<use plots/Gaussian_fit_all_b/Gaussian_A2B_Re_P1_FailedFit_details1.pdf>
Package pdftex.def Info: plots/Gaussian_fit_all_b/Gaussian_A2B_Re_P1_FailedFit_
details1.pdf  used on input line 41.
(pdftex.def)             Requested size: 253.23192pt x 24.68707pt.
<plots/Gaussian_fit_all_b/Gaussian_A2B_Re_P1_FailedFit_details2.pdf, id=5451, 7
58.835pt x 46.1725pt>
File: plots/Gaussian_fit_all_b/Gaussian_A2B_Re_P1_FailedFit_details2.pdf Graphi
c file (type pdf)
<use plots/Gaussian_fit_all_b/Gaussian_A2B_Re_P1_FailedFit_details2.pdf>
Package pdftex.def Info: plots/Gaussian_fit_all_b/Gaussian_A2B_Re_P1_FailedFit_
details2.pdf  used on input line 42.
(pdftex.def)             Requested size: 253.23192pt x 15.40816pt.
<plots/Gaussian_fit_all_b/Gaussian_A12B_Re_P1_FailedFit.pdf, id=5452, 456.70625
pt x 207.77625pt>
File: plots/Gaussian_fit_all_b/Gaussian_A12B_Re_P1_FailedFit.pdf Graphic file (
type pdf)
<use plots/Gaussian_fit_all_b/Gaussian_A12B_Re_P1_FailedFit.pdf>
Package pdftex.def Info: plots/Gaussian_fit_all_b/Gaussian_A12B_Re_P1_FailedFit
.pdf  used on input line 47.
(pdftex.def)             Requested size: 253.23192pt x 115.2062pt.
<plots/Gaussian_fit_all_b/Gaussian_A12B_Re_P1_FailedFit_details1.pdf, id=5453, 
672.5125pt x 66.2475pt>
File: plots/Gaussian_fit_all_b/Gaussian_A12B_Re_P1_FailedFit_details1.pdf Graph
ic file (type pdf)
<use plots/Gaussian_fit_all_b/Gaussian_A12B_Re_P1_FailedFit_details1.pdf>
Package pdftex.def Info: plots/Gaussian_fit_all_b/Gaussian_A12B_Re_P1_FailedFit
_details1.pdf  used on input line 48.
(pdftex.def)             Requested size: 253.23192pt x 24.94484pt.
<plots/Gaussian_fit_all_b/Gaussian_A12B_Re_P1_FailedFit_details2.pdf, id=5454, 
751.80875pt x 46.1725pt>
File: plots/Gaussian_fit_all_b/Gaussian_A12B_Re_P1_FailedFit_details2.pdf Graph
ic file (type pdf)
<use plots/Gaussian_fit_all_b/Gaussian_A12B_Re_P1_FailedFit_details2.pdf>
Package pdftex.def Info: plots/Gaussian_fit_all_b/Gaussian_A12B_Re_P1_FailedFit
_details2.pdf  used on input line 49.
(pdftex.def)             Requested size: 253.23192pt x 15.55188pt.
 [51]
<plots/Gaussian_fit_all_b/Gaussian_A2B_Im_P1_FailedFit.pdf, id=5463, 493.845pt 
x 231.86626pt>
File: plots/Gaussian_fit_all_b/Gaussian_A2B_Im_P1_FailedFit.pdf Graphic file (t
ype pdf)
<use plots/Gaussian_fit_all_b/Gaussian_A2B_Im_P1_FailedFit.pdf>
Package pdftex.def Info: plots/Gaussian_fit_all_b/Gaussian_A2B_Im_P1_FailedFit.
pdf  used on input line 75.
(pdftex.def)             Requested size: 290.16577pt x 136.23381pt.
<plots/Gaussian_fit_all_b/Gaussian_A2B_Im_P1_FailedFit_details1.pdf, id=5464, 6
98.61pt x 66.2475pt>
File: plots/Gaussian_fit_all_b/Gaussian_A2B_Im_P1_FailedFit_details1.pdf Graphi
c file (type pdf)
<use plots/Gaussian_fit_all_b/Gaussian_A2B_Im_P1_FailedFit_details1.pdf>
Package pdftex.def Info: plots/Gaussian_fit_all_b/Gaussian_A2B_Im_P1_FailedFit_
details1.pdf  used on input line 76.
(pdftex.def)             Requested size: 290.16577pt x 27.51544pt.
<plots/Gaussian_fit_all_b/Gaussian_A2B_Im_P1_FailedFit_details2.pdf, id=5465, 8
12.03375pt x 46.1725pt>
File: plots/Gaussian_fit_all_b/Gaussian_A2B_Im_P1_FailedFit_details2.pdf Graphi
c file (type pdf)
<use plots/Gaussian_fit_all_b/Gaussian_A2B_Im_P1_FailedFit_details2.pdf>
Package pdftex.def Info: plots/Gaussian_fit_all_b/Gaussian_A2B_Im_P1_FailedFit_
details2.pdf  used on input line 77.
(pdftex.def)             Requested size: 290.16577pt x 16.49878pt.

[52 <./plots/Gaussian_fit_all_b/Gaussian_A2B_Re_P1_FailedFit.pdf> <./plots/Gaus
sian_fit_all_b/Gaussian_A2B_Re_P1_FailedFit_details1.pdf

pdfTeX warning: pdflatex (file ./plots/Gaussian_fit_all_b/Gaussian_A2B_Re_P1_Fa
iledFit_details1.pdf): PDF inclusion: multiple pdfs with page group included in
 a single page
> <./plots/Gaussian_fit_all_b/Gaussian_A2B_Re_P1_FailedFit_details2.pdf

pdfTeX warning: pdflatex (file ./plots/Gaussian_fit_all_b/Gaussian_A2B_Re_P1_Fa
iledFit_details2.pdf): PDF inclusion: multiple pdfs with page group included in
 a single page
> <./plots/Gaussian_fit_all_b/Gaussian_A12B_Re_P1_FailedFit.pdf

pdfTeX warning: pdflatex (file ./plots/Gaussian_fit_all_b/Gaussian_A12B_Re_P1_F
ailedFit.pdf): PDF inclusion: multiple pdfs with page group included in a singl
e page
> <./plots/Gaussian_fit_all_b/Gaussian_A12B_Re_P1_FailedFit_details1.pdf

pdfTeX warning: pdflatex (file ./plots/Gaussian_fit_all_b/Gaussian_A12B_Re_P1_F
ailedFit_details1.pdf): PDF inclusion: multiple pdfs with page group included i
n a single page
> <./plots/Gaussian_fit_all_b/Gaussian_A12B_Re_P1_FailedFit_details2.pdf

pdfTeX warning: pdflatex (file ./plots/Gaussian_fit_all_b/Gaussian_A12B_Re_P1_F
ailedFit_details2.pdf): PDF inclusion: multiple pdfs with page group included i
n a single page
>] [53 <./plots/Gaussian_fit_all_b/Gaussian_A2B_Im_P1_FailedFit.pdf> <./plots/G
aussian_fit_all_b/Gaussian_A2B_Im_P1_FailedFit_details1.pdf

pdfTeX warning: pdflatex (file ./plots/Gaussian_fit_all_b/Gaussian_A2B_Im_P1_Fa
iledFit_details1.pdf): PDF inclusion: multiple pdfs with page group included in
 a single page
> <./plots/Gaussian_fit_all_b/Gaussian_A2B_Im_P1_FailedFit_details2.pdf

pdfTeX warning: pdflatex (file ./plots/Gaussian_fit_all_b/Gaussian_A2B_Im_P1_Fa
iledFit_details2.pdf): PDF inclusion: multiple pdfs with page group included in
 a single page
>] [54]
<plots/short_distance/A2B_Re_b_lessthan3_and_ge3.pdf, id=5738, 1351.0475pt x 36
7.3725pt>
File: plots/short_distance/A2B_Re_b_lessthan3_and_ge3.pdf Graphic file (type pd
f)
<use plots/short_distance/A2B_Re_b_lessthan3_and_ge3.pdf>
Package pdftex.def Info: plots/short_distance/A2B_Re_b_lessthan3_and_ge3.pdf  u
sed on input line 115.
(pdftex.def)             Requested size: 527.57121pt x 143.45967pt.
<plots/short_distance/A12B_Re_b_lessthan3_and_ge3.pdf, id=5739, 1351.0475pt x 3
61.35pt>
File: plots/short_distance/A12B_Re_b_lessthan3_and_ge3.pdf Graphic file (type p
df)
<use plots/short_distance/A12B_Re_b_lessthan3_and_ge3.pdf>
Package pdftex.def Info: plots/short_distance/A12B_Re_b_lessthan3_and_ge3.pdf  
used on input line 121.
(pdftex.def)             Requested size: 527.57121pt x 141.10788pt.


Package natbib Warning: Citation `Cranmer2023pysr' on page 55 undefined on inpu
t line 133.

[55 <./plots/short_distance/A2B_Re_b_lessthan3_and_ge3.pdf> <./plots/short_dist
ance/A12B_Re_b_lessthan3_and_ge3.pdf

pdfTeX warning: pdflatex (file ./plots/short_distance/A12B_Re_b_lessthan3_and_g
e3.pdf): PDF inclusion: multiple pdfs with page group included in a single page

>]

Package natbib Warning: Citation `Koza1992GP' on page 56 undefined on input lin
e 136.


Package natbib Warning: Citation `Schmidt2009Distilling' on page 56 undefined o
n input line 136.

[56] (./PySR_outputs/pysr_model_config.tex
Overfull \hbox (3.6091pt too wide) in paragraph at lines 9--25
 [][] 
 []

) [57] (./PySR_outputs/pysr_custom_loss_code.tex [58])
(./PySR_outputs/pysr_equations_table.tex
Underfull \hbox (badness 10000) in paragraph at lines 16--17
[]\OT1/cmr/m/n/10.95 Linear in $\OML/cmm/m/it/10.95 ^^Q$ $\OMS/cmsy/m/n/10.95 ^
^B$ \OT1/cmr/m/n/10.95 stan-dard
 []


Underfull \hbox (badness 4686) in paragraph at lines 17--18
[]\OT1/cmr/m/n/10.95 Linear in $\OML/cmm/m/it/10.95 ^^Q$ $\OMS/cmsy/m/n/10.95 ^
^B$ \OT1/cmr/m/n/10.95 gen-er-al-ized
 []


Underfull \hbox (badness 10000) in paragraph at lines 21--22
[]\OT1/cmr/bx/n/10.95 Optimal fac-tor-ized:
 []


Overfull \hbox (16.33794pt too wide) in paragraph at lines 9--30
 [][] 
 []

) [59] [60]

LaTeX Warning: Reference `sec:simultaneous_fit_strategy' on page 61 undefined o
n input line 225.

<PySR_outputs/01_A2B_PySR_Benchmark_Fits.pdf, id=5915, 1048.45326pt x 657.77434
pt>
File: PySR_outputs/01_A2B_PySR_Benchmark_Fits.pdf Graphic file (type pdf)
<use PySR_outputs/01_A2B_PySR_Benchmark_Fits.pdf>
Package pdftex.def Info: PySR_outputs/01_A2B_PySR_Benchmark_Fits.pdf  used on i
nput line 229.
(pdftex.def)             Requested size: 527.57121pt x 330.98405pt.
<PySR_outputs/02_Gaussian_StraightLine_Test.pdf, id=5916, 930.63339pt x 715.384
52pt>
File: PySR_outputs/02_Gaussian_StraightLine_Test.pdf Graphic file (type pdf)
<use PySR_outputs/02_Gaussian_StraightLine_Test.pdf>
Package pdftex.def Info: PySR_outputs/02_Gaussian_StraightLine_Test.pdf  used o
n input line 236.
(pdftex.def)             Requested size: 501.19104pt x 385.26488pt.
[61] [62 <./PySR_outputs/01_A2B_PySR_Benchmark_Fits.pdf>] [63 <./PySR_outputs/0
2_Gaussian_StraightLine_Test.pdf>] [64]
Package epstopdf Info: Source file: <Gaussian_type_fit_Real_A2B/FitList_eta7891
0_p-1.eps>
(epstopdf)                    date: 2026-08-21 14:11:15
(epstopdf)                    size: 102430 bytes
(epstopdf)             Output file: <Gaussian_type_fit_Real_A2B/FitList_eta7891
0_p-1-eps-converted-to.pdf>
(epstopdf)                    date: 2026-08-23 19:20:10
(epstopdf)                    size: 29492 bytes
(epstopdf)             Command: <repstopdf --outfile=Gaussian_type_fit_Real_A2B
/FitList_eta78910_p-1-eps-converted-to.pdf Gaussian_type_fit_Real_A2B/FitList_e
ta78910_p-1.eps>
(epstopdf)             \includegraphics on input line 254.
Package epstopdf Info: Output file is already uptodate.
<Gaussian_type_fit_Real_A2B/FitList_eta78910_p-1-eps-converted-to.pdf, id=6191,
 728.7225pt x 558.085pt>
File: Gaussian_type_fit_Real_A2B/FitList_eta78910_p-1-eps-converted-to.pdf Grap
hic file (type pdf)
<use Gaussian_type_fit_Real_A2B/FitList_eta78910_p-1-eps-converted-to.pdf>
Package pdftex.def Info: Gaussian_type_fit_Real_A2B/FitList_eta78910_p-1-eps-co
nverted-to.pdf  used on input line 254.
(pdftex.def)             Requested size: 527.57121pt x 404.052pt.


Package hyperref Warning: Token not allowed in a PDF string (Unicode):
(hyperref)                removing `math shift' on input line 261.


Package hyperref Warning: Token not allowed in a PDF string (Unicode):
(hyperref)                removing `\eta' on input line 261.


Package hyperref Warning: Token not allowed in a PDF string (Unicode):
(hyperref)                removing `math shift' on input line 261.


Package hyperref Warning: Token not allowed in a PDF string (Unicode):
(hyperref)                removing `math shift' on input line 261.


Package hyperref Warning: Token not allowed in a PDF string (Unicode):
(hyperref)                removing `\setbox' on input line 261.


Package hyperref Warning: Token not allowed in a PDF string (Unicode):
(hyperref)                removing `\z@' on input line 261.


Package hyperref Warning: Token not allowed in a PDF string (Unicode):
(hyperref)                removing `\hbox' on input line 261.


Package hyperref Warning: Token not allowed in a PDF string (Unicode):
(hyperref)                removing `\mathsurround' on input line 261.


Package hyperref Warning: Token not allowed in a PDF string (Unicode):
(hyperref)                removing `\z@' on input line 261.


Package hyperref Warning: Token not allowed in a PDF string (Unicode):
(hyperref)                removing `math shift' on input line 261.


Package hyperref Warning: Token not allowed in a PDF string (Unicode):
(hyperref)                removing `\textstyle' on input line 261.


Package hyperref Warning: Token not allowed in a PDF string (Unicode):
(hyperref)                removing `math shift' on input line 261.


Package hyperref Warning: Token not allowed in a PDF string (Unicode):
(hyperref)                removing `\mathaccent' on input line 261.


Package hyperref Warning: Token not allowed in a PDF string (Unicode):
(hyperref)                removing `subscript' on input line 261.


Package hyperref Warning: Token not allowed in a PDF string (Unicode):
(hyperref)                removing `superscript' on input line 261.


Package hyperref Warning: Token not allowed in a PDF string (Unicode):
(hyperref)                removing `math shift' on input line 261.


LaTeX Warning: Reference `fig:A2B_eta_asymptotes' on page 65 undefined on input
 line 262.


LaTeX Warning: File `PowerLaw_etaAsymptotic/A2BfitFT_eta_Asymptotic_P1.pdf' not
 found on input line 265.


! Package pdftex.def Error: File `PowerLaw_etaAsymptotic/A2BfitFT_eta_Asymptoti
c_P1.pdf' not found: using draft setting.

See the pdftex.def package documentation for explanation.
Type  H <return>  for immediate help.
 ...                                              
                                                  
l.265 ...symptotic/A2BfitFT_eta_Asymptotic_P1.pdf}
                                                   
Here is how much of TeX's memory you used:
 42785 strings out of 476025
 839528 string characters out of 5790016
 2277123 words of memory out of 5000000
 62137 multiletter control sequences out of 15000+600000
 527970 words of font info for 101 fonts, out of 8000000 for 9000
 1141 hyphenation exceptions out of 8191
 82i,22n,80p,3236b,8786s stack positions out of 10000i,1000n,20000p,200000b,200000s

!  ==> Fatal error occurred, no output PDF file produced!
