\BOOKMARK [1][]{section*.2}{\376\377\000L\000I\000S\000T\000\040\000O\000F\000\040\000T\000A\000B\000L\000E\000S}{}% 1
\BOOKMARK [1][]{section*.3}{\376\377\000L\000I\000S\000T\000\040\000O\000F\000\040\000F\000I\000G\000U\000R\000E\000S}{}% 2
\BOOKMARK [1][]{section.1}{\376\377\000I\000N\000T\000R\000O\000D\000U\000C\000T\000I\000O\000N\000\040\000A\000N\000D\000\040\000M\000O\000T\000I\000V\000A\000T\000I\000O\000N}{}% 3
\BOOKMARK [1][]{section.2}{\376\377\000L\000A\000T\000T\000I\000C\000E\000\040\000Q\000C\000D\000\040\000M\000E\000T\000H\000O\000D\000O\000L\000O\000G\000Y}{}% 4
\BOOKMARK [2][]{subsection.2.1}{\376\377\000Q\000u\000a\000n\000t\000u\000m\000\040\000C\000h\000r\000o\000m\000o\000d\000y\000n\000a\000m\000i\000c\000s}{section.2}% 5
\BOOKMARK [2][]{subsection.2.2}{\376\377\000L\000a\000t\000t\000i\000c\000e\000\040\000Q\000C\000D}{section.2}% 6
\BOOKMARK [2][]{subsection.2.3}{\376\377\000W\000i\000l\000s\000o\000n\000\040\000G\000a\000u\000g\000e\000\040\000A\000c\000t\000i\000o\000n}{section.2}% 7
\BOOKMARK [2][]{subsection.2.4}{\376\377\000F\000e\000r\000m\000i\000o\000n\000s\000\040\000o\000n\000\040\000t\000h\000e\000\040\000L\000a\000t\000t\000i\000c\000e}{section.2}% 8
\BOOKMARK [2][]{subsection.2.5}{\376\377\000T\000w\000o\000-\000P\000o\000i\000n\000t\000\040\000C\000o\000r\000r\000e\000l\000a\000t\000i\000o\000n\000\040\000F\000u\000n\000c\000t\000i\000o\000n\000s}{section.2}% 9
\BOOKMARK [2][]{subsection.2.6}{\376\377\000T\000h\000r\000e\000e\000-\000P\000o\000i\000n\000t\000\040\000C\000o\000r\000r\000e\000l\000a\000t\000i\000o\000n\000\040\000F\000u\000n\000c\000t\000i\000o\000n\000s}{section.2}% 10
\BOOKMARK [2][]{subsection.2.7}{\376\377\000N\000o\000n\000-\000L\000o\000c\000a\000l\000\040\000O\000p\000e\000r\000a\000t\000o\000r\000s}{section.2}% 11
\BOOKMARK [2][]{subsection.2.8}{\376\377\000I\000n\000t\000r\000o\000d\000u\000c\000t\000i\000o\000n\000\040\000t\000o\000\040\000T\000M\000D\000\040\000T\000h\000r\000e\000e\000-\000P\000o\000i\000n\000t\000\040\000F\000u\000n\000c\000t\000i\000o\000n\000s}{section.2}% 12
\BOOKMARK [2][]{subsection.2.9}{\376\377\000E\000x\000t\000r\000a\000c\000t\000i\000n\000g\000\040\000M\000a\000t\000r\000i\000x\000\040\000E\000l\000e\000m\000e\000n\000t\000s\000:\000\040\000T\000h\000e\000\040\000R\000a\000t\000i\000o\000\040\000M\000e\000t\000h\000o\000d}{section.2}% 13
\BOOKMARK [1][]{section.3}{\376\377\000T\000H\000E\000O\000R\000E\000T\000I\000C\000A\000L\000\040\000F\000R\000A\000M\000E\000W\000O\000R\000K\000\040\000O\000F\000\040\000T\000M\000D\000s}{}% 14
\BOOKMARK [2][]{subsection.3.1}{\376\377\000D\000e\000f\000i\000n\000i\000t\000i\000o\000n\000\040\000o\000f\000\040\000T\000M\000D\000s}{section.3}% 15
\BOOKMARK [2][]{subsection.3.2}{\376\377\000G\000e\000n\000e\000r\000a\000l\000\040\000s\000t\000r\000a\000t\000e\000g\000y}{section.3}% 16
\BOOKMARK [2][]{subsection.3.3}{\376\377\000T\000M\000D\000s\000\040\000i\000n\000\040\000F\000o\000u\000r\000i\000e\000r\000\040\000s\000p\000a\000c\000e}{section.3}% 17
\BOOKMARK [2][]{subsection.3.4}{\376\377\000L\000i\000n\000k\000\040\000g\000e\000o\000m\000e\000t\000r\000y}{section.3}% 18
\BOOKMARK [2][]{subsection.3.5}{\376\377\000S\000y\000m\000m\000e\000t\000r\000y\000\040\000C\000o\000n\000s\000t\000r\000a\000i\000n\000t\000s}{section.3}% 19
\BOOKMARK [2][]{subsection.3.6}{\376\377\000P\000a\000r\000a\000m\000e\000t\000r\000i\000z\000a\000t\000i\000o\000n\000\040\000o\000f\000\040\000t\000h\000e\000\040\000c\000o\000r\000r\000e\000l\000a\000t\000o\000r}{section.3}% 20
\BOOKMARK [1][]{section.4}{\376\377\000E\000X\000T\000R\000A\000C\000T\000I\000N\000G\000\040\000T\000H\000E\000\040\000T\000E\000X\000T\000D\000E\000P\000E\000N\000D\000E\000N\000C\000E}{}% 21
\BOOKMARK [2][]{subsection.4.1}{\376\377\000T\000h\000e\000\040\000S\000i\000v\000e\000r\000s\000\040\000S\000h\000i\000f\000t\000\040\000a\000s\000\040\000a\000\040\000F\000u\000n\000c\000t\000i\000o\000n\000\040\000o\000f\000\040\000M\000o\000m\000e\000n\000t\000u\000m\000\040\000F\000r\000a\000c\000t\000i\000o\000n}{section.4}% 22
\BOOKMARK [2][]{subsection.4.2}{\376\377\000T\000h\000e\000\040\000C\000o\000l\000l\000i\000n\000s\000-\000S\000o\000p\000e\000r\000\040\000P\000a\000r\000a\000m\000e\000t\000e\000r\000\040\000\050\000T\000E\000X\000T\000\051}{section.4}% 23
\BOOKMARK [2][]{subsection.4.3}{\376\377\000K\000i\000n\000e\000m\000a\000t\000i\000c\000\040\000C\000o\000n\000s\000t\000r\000a\000i\000n\000t\000s\000\040\000f\000o\000r\000\040\000T\000E\000X\000T}{section.4}% 24
\BOOKMARK [3][]{subsubsection.4.3.1}{\376\377\000E\000x\000p\000l\000i\000c\000i\000t\000\040\000C\000a\000l\000c\000u\000l\000a\000t\000i\000o\000n\000\040\000f\000o\000r\000\040\000T\000E\000X\000T}{subsection.4.3}% 25
\BOOKMARK [2][]{subsection.4.4}{\376\377\000L\000a\000t\000t\000i\000c\000e\000\040\000P\000a\000r\000a\000m\000e\000t\000e\000r\000\040\000S\000p\000a\000c\000e\000\040\000a\000n\000d\000\040\000O\000f\000f\000-\000A\000x\000i\000s\000\040\000L\000i\000n\000k\000s}{section.4}% 26
\BOOKMARK [3][]{subsubsection.4.4.1}{\376\377\000O\000f\000f\000-\000A\000x\000i\000s\000\040\000T\000E\000X\000T\000\040\000a\000n\000d\000\040\000S\000p\000a\000t\000i\000a\000l\000\040\000I\000n\000t\000e\000r\000p\000o\000l\000a\000t\000i\000o\000n}{subsection.4.4}% 27
\BOOKMARK [3][]{subsubsection.4.4.2}{\376\377\000S\000p\000a\000t\000i\000a\000l\000\040\000I\000n\000t\000e\000r\000p\000o\000l\000a\000t\000i\000o\000n\000\040\000o\000f\000\040\000O\000f\000f\000-\000A\000x\000i\000s\000\040\000C\000o\000o\000r\000d\000i\000n\000a\000t\000e\000s}{subsection.4.4}% 28
\BOOKMARK [2][]{subsection.4.5}{\376\377\000Q\000u\000a\000r\000k\000\040\000S\000e\000p\000a\000r\000a\000t\000i\000o\000n\000\040\000V\000e\000c\000t\000o\000r\000s\000\040\000\050\000T\000E\000X\000T\000\051\000\040\000a\000n\000d\000\040\000A\000m\000p\000l\000i\000t\000u\000d\000e\000\040\000P\000a\000r\000i\000t\000y}{section.4}% 29
\BOOKMARK [3][]{subsubsection.4.5.1}{\376\377\000G\000a\000u\000g\000e\000\040\000L\000i\000n\000k\000\040\000C\000o\000n\000s\000t\000r\000u\000c\000t\000i\000o\000n\000\040\000f\000o\000r\000\040\000T\000E\000X\000T}{subsection.4.5}% 30
\BOOKMARK [3][]{subsubsection.4.5.2}{\376\377\000P\000a\000t\000h\000\040\000A\000v\000e\000r\000a\000g\000i\000n\000g\000\040\000f\000o\000r\000\040\000T\000E\000X\000T}{subsection.4.5}% 31
\BOOKMARK [2][]{subsection.4.6}{\376\377\000S\000o\000l\000v\000i\000n\000g\000\040\000f\000o\000r\000\040\000R\000e\000a\000l\000\040\000a\000n\000d\000\040\000I\000m\000a\000g\000i\000n\000a\000r\000y\000\040\000A\000m\000p\000l\000i\000t\000u\000d\000e\000s\000\040\000T\000E\000X\000T}{section.4}% 32
\BOOKMARK [2][]{subsection.4.7}{\376\377\000C\000o\000n\000s\000t\000r\000u\000c\000t\000i\000n\000g\000\040\000t\000h\000e\000\040\000E\000f\000f\000e\000c\000t\000i\000v\000e\000\040\000A\000m\000p\000l\000i\000t\000u\000d\000e\000s\000\040\000T\000E\000X\000T\000\040\000a\000n\000d\000\040\000T\000E\000X\000T}{section.4}% 33
\BOOKMARK [2][]{subsection.4.8}{\376\377\000T\000r\000a\000n\000s\000f\000o\000r\000m\000a\000t\000i\000o\000n\000\040\000t\000o\000\040\000t\000h\000e\000\040\000L\000o\000r\000e\000n\000t\000z\000-\000I\000n\000v\000a\000r\000i\000a\000n\000t\000\040\000V\000a\000r\000i\000a\000b\000l\000e\000\040\000S\000p\000a\000c\000e}{section.4}% 34
\BOOKMARK [2][]{subsection.4.9}{\376\377\000N\000u\000m\000e\000r\000i\000c\000a\000l\000\040\000R\000e\000s\000u\000l\000t\000s\000\040\000a\000n\000d\000\040\000P\000a\000r\000i\000t\000y\000\040\000C\000o\000n\000s\000t\000r\000a\000i\000n\000t\000s\000\040\000o\000f\000\040\000t\000h\000e\000\040\000E\000x\000t\000r\000a\000c\000t\000e\000d\000\040\000A\000m\000p\000l\000i\000t\000u\000d\000e\000s}{section.4}% 35
\BOOKMARK [3][]{subsubsection.4.9.1}{\376\377\000A\000m\000p\000l\000i\000t\000u\000d\000e\000\040\000P\000r\000o\000f\000i\000l\000e\000s\000\040\000a\000t\000\040\000T\000E\000X\000T}{subsection.4.9}% 36
\BOOKMARK [3][]{subsubsection.4.9.2}{\376\377\000A\000m\000p\000l\000i\000t\000u\000d\000e\000\040\000P\000r\000o\000f\000i\000l\000e\000s\000\040\000a\000t\000\040\000T\000E\000X\000T}{subsection.4.9}% 37
\BOOKMARK [3][]{subsubsection.4.9.3}{\376\377\000A\000m\000p\000l\000i\000t\000u\000d\000e\000\040\000P\000r\000o\000f\000i\000l\000e\000s\000\040\000a\000t\000\040\000T\000E\000X\000T}{subsection.4.9}% 38
\BOOKMARK [3][]{subsubsection.4.9.4}{\376\377\000A\000m\000p\000l\000i\000t\000u\000d\000e\000\040\000P\000r\000o\000f\000i\000l\000e\000s\000\040\000a\000t\000\040\000T\000E\000X\000T}{subsection.4.9}% 39
\BOOKMARK [1][]{section.5}{\376\377\000F\000I\000T\000T\000I\000N\000G\000\040\000M\000E\000T\000H\000O\000D\000O\000L\000O\000G\000I\000E\000S\000\040\000A\000N\000D\000\040\000S\000T\000A\000B\000I\000L\000I\000T\000Y\000\040\000A\000N\000A\000L\000Y\000S\000I\000S}{}% 40
\BOOKMARK [2][]{subsection.5.1}{\376\377\000C\000h\000a\000p\000t\000e\000r\000\040\000R\000o\000a\000d\000m\000a\000p}{section.5}% 41
\BOOKMARK [2][]{subsection.5.2}{\376\377\000C\000o\000o\000r\000d\000i\000n\000a\000t\000e\000\040\000T\000r\000a\000n\000s\000f\000o\000r\000m\000a\000t\000i\000o\000n\000\040\000a\000n\000d\000\040\000t\000h\000e\000\040\000S\000i\000m\000p\000l\000e\000\040\000G\000a\000u\000s\000s\000i\000a\000n\000\040\000M\000o\000d\000e\000l}{section.5}% 42
\BOOKMARK [3][]{subsubsection.5.2.1}{\376\377\000F\000a\000i\000l\000u\000r\000e\000\040\000o\000f\000\040\000t\000h\000e\000\040\000S\000i\000m\000p\000l\000e\000\040\000G\000a\000u\000s\000s\000i\000a\000n\000\040\000M\000o\000d\000e\000l}{subsection.5.2}% 43
\BOOKMARK [2][]{subsection.5.3}{\376\377\000D\000i\000s\000c\000r\000e\000t\000i\000z\000a\000t\000i\000o\000n\000\040\000E\000f\000f\000e\000c\000t\000s\000\040\000a\000n\000d\000\040\000S\000h\000o\000r\000t\000-\000D\000i\000s\000t\000a\000n\000c\000e\000\040\000D\000a\000t\000a\000\040\000E\000x\000c\000l\000u\000s\000i\000o\000n}{section.5}% 44
\BOOKMARK [2][]{subsection.5.4}{\376\377\000P\000h\000y\000s\000i\000c\000s\000-\000I\000n\000f\000o\000r\000m\000e\000d\000\040\000S\000y\000m\000b\000o\000l\000i\000c\000\040\000R\000e\000g\000r\000e\000s\000s\000i\000o\000n\000\040\000v\000i\000a\000\040\000P\000y\000S\000R}{section.5}% 45
\BOOKMARK [3][]{subsubsection.5.4.1}{\376\377\000E\000x\000p\000r\000e\000s\000s\000i\000o\000n\000\040\000S\000e\000a\000r\000c\000h\000\040\000a\000n\000d\000\040\000C\000o\000n\000f\000i\000g\000u\000r\000a\000t\000i\000o\000n}{subsection.5.4}% 46
\BOOKMARK [3][]{subsubsection.5.4.2}{\376\377\000T\000h\000e\000\040\000P\000h\000y\000s\000i\000c\000s\000-\000I\000n\000f\000o\000r\000m\000e\000d\000\040\000C\000u\000s\000t\000o\000m\000\040\000L\000o\000s\000s\000\040\000F\000u\000n\000c\000t\000i\000o\000n}{subsection.5.4}% 47
\BOOKMARK [3][]{subsubsection.5.4.3}{\376\377\000P\000a\000r\000e\000t\000o\000\040\000F\000r\000o\000n\000t\000\040\000o\000f\000\040\000D\000i\000s\000c\000o\000v\000e\000r\000e\000d\000\040\000M\000o\000d\000e\000l\000s}{subsection.5.4}% 48
\BOOKMARK [2][]{subsection.5.5}{\376\377\000R\000e\000j\000e\000c\000t\000i\000o\000n\000\040\000o\000f\000\040\000S\000e\000p\000a\000r\000a\000b\000l\000e\000\040\000L\000o\000n\000g\000i\000t\000u\000d\000i\000n\000a\000l\000\040\000a\000n\000d\000\040\000T\000r\000a\000n\000s\000v\000e\000r\000s\000e\000\040\000F\000a\000c\000t\000o\000r\000i\000z\000a\000t\000i\000o\000n}{section.5}% 49
\BOOKMARK [2][]{subsection.5.6}{\376\377\000I\000n\000v\000e\000s\000t\000i\000g\000a\000t\000i\000o\000n\000\040\000a\000n\000d\000\040\000S\000y\000s\000t\000e\000m\000a\000t\000i\000c\000\040\000F\000a\000i\000l\000u\000r\000e\000\040\000o\000f\000\040\000t\000h\000e\000\040\000F\000o\000u\000r\000\040\000F\000a\000c\000t\000o\000r\000i\000z\000e\000d\000\040\000A\000n\000s\000\344\000t\000z\000e}{section.5}% 50
\BOOKMARK [2][]{subsection.5.7}{\376\377\000L\000o\000r\000e\000n\000t\000z\000i\000a\000n\000\040\000p\000o\000w\000e\000r\000-\000l\000a\000w\000\040\000f\000o\000r\000\040\000p\000o\000s\000i\000t\000i\000o\000n\000\040\000s\000p\000a\000c\000e\000\040\000A\000m\000p\000l\000i\000t\000u\000d\000e\000s}{section.5}% 51
\BOOKMARK [2][]{subsection.5.8}{\376\377\000A\000s\000y\000m\000p\000t\000o\000t\000i\000c\000\040\000\040\000F\000u\000n\000c\000t\000i\000o\000n\000s\000\040\000f\000o\000r\000\040\000A\000"\0000\0003\0006\0005\000A\0002\000B\000R\000e\000\040\000a\000n\000d\000\040\000A\000n\000t\000i\000-\000q\000u\000a\000r\000k\000\040\000C\000o\000n\000s\000t\000r\000a\000i\000n\000t\000s}{section.5}% 52
\BOOKMARK [2][]{subsection.5.9}{\376\377\000C\000a\000n\000d\000i\000d\000a\000t\000e\000\040\000S\000e\000l\000e\000c\000t\000i\000o\000n}{section.5}% 53
\BOOKMARK [2][]{subsection.5.10}{\376\377\000S\000i\000m\000u\000l\000t\000a\000n\000e\000o\000u\000s\000\040\000F\000i\000t\000t\000i\000n\000g\000\040\000S\000t\000r\000a\000t\000e\000g\000y}{section.5}% 54
\BOOKMARK [3][]{subsubsection.5.10.1}{\376\377\000S\000i\000m\000u\000l\000t\000a\000n\000e\000o\000u\000s\000\040\000F\000i\000t\000\040\000w\000i\000t\000h\000\040\000F\000u\000l\000l\000\040\000C\000o\000v\000a\000r\000i\000a\000n\000c\000e\000\040\000M\000a\000t\000r\000i\000x}{subsection.5.10}% 55
\BOOKMARK [3][]{subsubsection.5.10.2}{\376\377\000T\000E\000X\000T}{subsection.5.10}% 56
\BOOKMARK [3][]{subsubsection.5.10.3}{\376\377\000T\000E\000X\000T}{subsection.5.10}% 57
\BOOKMARK [3][]{subsubsection.5.10.4}{\376\377\000T\000E\000X\000T}{subsection.5.10}% 58
\BOOKMARK [3][]{subsubsection.5.10.5}{\376\377\000T\000E\000X\000T}{subsection.5.10}% 59
\BOOKMARK [1][]{section.6}{\376\377\000E\000X\000T\000R\000A\000P\000O\000L\000A\000T\000I\000O\000N\000S\000\040\000T\000O\000\040\000T\000H\000E\000\040\000P\000H\000Y\000S\000I\000C\000A\000L\000\040\000L\000I\000M\000I\000T}{}% 60
\BOOKMARK [2][]{subsubsection.6.0.1}{\376\377\000T\000E\000X\000T\000\040\000E\000x\000t\000r\000a\000p\000o\000l\000a\000t\000i\000o\000n}{section.6}% 61
\BOOKMARK [2][]{subsection.6.1}{\376\377\000E\000x\000t\000r\000a\000p\000o\000l\000a\000t\000i\000o\000n\000\040\000a\000t\000\040\000f\000i\000t\000-\000p\000a\000r\000a\000m\000e\000t\000e\000r\000s\000\040\000l\000e\000v\000e\000l}{section.6}% 62
\BOOKMARK [1][]{section.7}{\376\377\000C\000O\000N\000C\000L\000U\000S\000I\000O\000N}{}% 63
\BOOKMARK [1][]{appendix.A}{\376\377\000Q\000L\000U\000A\000:\000\040\000G\000a\000m\000m\000a\000\040\000\050\000n\000\051}{}% 64
